Jul 17 20:53:03 packer-parallels-iso rsyslogd: [origin software="rsyslogd" swVersion="7.4.4" x-pid="487" x-info="http://www.rsyslog.com"] start
Jul 17 20:53:03 packer-parallels-iso rsyslogd: rsyslogd's groupid changed to 104
Jul 17 20:53:03 packer-parallels-iso kernel: [    0.000000] Initializing cgroup subsys cpuset
Jul 17 20:53:03 packer-parallels-iso rsyslogd: rsyslogd's userid changed to 101
Jul 17 20:53:03 packer-parallels-iso kernel: [    0.000000] Initializing cgroup subsys cpu
Jul 17 20:53:03 packer-parallels-iso kernel: [    0.000000] Initializing cgroup subsys cpuacct
Jul 17 20:53:03 packer-parallels-iso kernel: [    0.000000] Linux version 3.13.0-24-generic (buildd@panlong) (gcc version 4.8.2 (Ubuntu 4.8.2-19ubuntu1) ) #46-Ubuntu SMP Thu Apr 10 19:11:08 UTC 2014 (Ubuntu 3.13.0-24.46-generic 3.13.9)
Jul 17 20:53:03 packer-parallels-iso kernel: [    0.000000] Command line: BOOT_IMAGE=/vmlinuz-3.13.0-24-generic root=/dev/mapper/packer--parallels--iso--vg-root ro quiet splash vt.handoff=7
Jul 17 20:53:03 packer-parallels-iso kernel: [    0.000000] KERNEL supported cpus:
Jul 17 20:53:03 packer-parallels-iso kernel: [    0.000000]   Intel GenuineIntel
Jul 17 20:53:03 packer-parallels-iso kernel: [    0.000000]   AMD AuthenticAMD
Jul 17 20:53:03 packer-parallels-iso kernel: [    0.000000]   Centaur CentaurHauls
Jul 17 20:53:03 packer-parallels-iso kernel: [    0.000000] Disabled fast string operations
Jul 17 20:53:03 packer-parallels-iso kernel: [    0.000000] e820: BIOS-provided physical RAM map:
Jul 17 20:53:03 packer-parallels-iso kernel: [    0.000000] BIOS-e820: [mem 0x0000000000000000-0x000000000009fbff] usable
Jul 17 20:53:03 packer-parallels-iso kernel: [    0.000000] BIOS-e820: [mem 0x000000000009fc00-0x000000000009ffff] reserved
Jul 17 20:53:03 packer-parallels-iso kernel: [    0.000000] BIOS-e820: [mem 0x00000000000dc000-0x00000000000fffff] reserved
Jul 17 20:53:03 packer-parallels-iso kernel: [    0.000000] BIOS-e820: [mem 0x0000000000100000-0x000000002ffeffff] usable
Jul 17 20:53:03 packer-parallels-iso kernel: [    0.000000] BIOS-e820: [mem 0x000000002fff0000-0x000000002fffefff] ACPI data
Jul 17 20:53:03 packer-parallels-iso kernel: [    0.000000] BIOS-e820: [mem 0x000000002ffff000-0x000000002fffffff] ACPI NVS
Jul 17 20:53:03 packer-parallels-iso kernel: [    0.000000] BIOS-e820: [mem 0x00000000fd000000-0x00000000fd7fffff] reserved
Jul 17 20:53:03 packer-parallels-iso kernel: [    0.000000] BIOS-e820: [mem 0x00000000fec00000-0x00000000fec00fff] reserved
Jul 17 20:53:03 packer-parallels-iso kernel: [    0.000000] BIOS-e820: [mem 0x00000000fee00000-0x00000000fee00fff] reserved
Jul 17 20:53:03 packer-parallels-iso kernel: [    0.000000] BIOS-e820: [mem 0x00000000ffc00000-0x00000000ffffffff] reserved
Jul 17 20:53:03 packer-parallels-iso kernel: [    0.000000] NX (Execute Disable) protection: active
Jul 17 20:53:03 packer-parallels-iso kernel: [    0.000000] SMBIOS 2.7 present.
Jul 17 20:53:03 packer-parallels-iso kernel: [    0.000000] DMI: Parallels Software International Inc. Parallels Virtual Platform/Parallels Virtual Platform, BIOS 9.0.24229.991745 Tue, 01 Apr 
Jul 17 20:53:03 packer-parallels-iso kernel: [    0.000000] Hypervisor detected: KVM
Jul 17 20:53:03 packer-parallels-iso kernel: [    0.000000] e820: update [mem 0x00000000-0x00000fff] usable ==> reserved
Jul 17 20:53:03 packer-parallels-iso kernel: [    0.000000] e820: remove [mem 0x000a0000-0x000fffff] usable
Jul 17 20:53:03 packer-parallels-iso kernel: [    0.000000] No AGP bridge found
Jul 17 20:53:03 packer-parallels-iso kernel: [    0.000000] e820: last_pfn = 0x2fff0 max_arch_pfn = 0x400000000
Jul 17 20:53:03 packer-parallels-iso kernel: [    0.000000] MTRR default type: uncachable
Jul 17 20:53:03 packer-parallels-iso kernel: [    0.000000] MTRR fixed ranges enabled:
Jul 17 20:53:03 packer-parallels-iso kernel: [    0.000000]   00000-9FFFF write-back
Jul 17 20:53:03 packer-parallels-iso kernel: [    0.000000]   A0000-BFFFF uncachable
Jul 17 20:53:03 packer-parallels-iso kernel: [    0.000000]   C0000-C7FFF write-protect
Jul 17 20:53:03 packer-parallels-iso kernel: [    0.000000]   C8000-EFFFF uncachable
Jul 17 20:53:03 packer-parallels-iso kernel: [    0.000000]   F0000-FFFFF write-protect
Jul 17 20:53:03 packer-parallels-iso kernel: [    0.000000] MTRR variable ranges enabled:
Jul 17 20:53:03 packer-parallels-iso kernel: [    0.000000]   0 base 000000000 mask FE0000000 write-back
Jul 17 20:53:03 packer-parallels-iso kernel: [    0.000000]   1 base 020000000 mask FF0000000 write-back
Jul 17 20:53:03 packer-parallels-iso kernel: [    0.000000]   2 disabled
Jul 17 20:53:03 packer-parallels-iso kernel: [    0.000000]   3 disabled
Jul 17 20:53:03 packer-parallels-iso kernel: [    0.000000]   4 disabled
Jul 17 20:53:03 packer-parallels-iso kernel: [    0.000000]   5 disabled
Jul 17 20:53:03 packer-parallels-iso kernel: [    0.000000]   6 disabled
Jul 17 20:53:03 packer-parallels-iso kernel: [    0.000000]   7 disabled
Jul 17 20:53:03 packer-parallels-iso kernel: [    0.000000] x86 PAT enabled: cpu 0, old 0x7040600070406, new 0x7010600070106
Jul 17 20:53:03 packer-parallels-iso kernel: [    0.000000] found SMP MP-table at [mem 0x000ff100-0x000ff10f] mapped at [ffff8800000ff100]
Jul 17 20:53:03 packer-parallels-iso kernel: [    0.000000] Scanning 1 areas for low memory corruption
Jul 17 20:53:03 packer-parallels-iso kernel: [    0.000000] Base memory trampoline at [ffff880000099000] 99000 size 24576
Jul 17 20:53:03 packer-parallels-iso kernel: [    0.000000] init_memory_mapping: [mem 0x00000000-0x000fffff]
Jul 17 20:53:03 packer-parallels-iso kernel: [    0.000000]  [mem 0x00000000-0x000fffff] page 4k
Jul 17 20:53:03 packer-parallels-iso kernel: [    0.000000] BRK [0x01fdd000, 0x01fddfff] PGTABLE
Jul 17 20:53:03 packer-parallels-iso kernel: [    0.000000] BRK [0x01fde000, 0x01fdefff] PGTABLE
Jul 17 20:53:03 packer-parallels-iso kernel: [    0.000000] BRK [0x01fdf000, 0x01fdffff] PGTABLE
Jul 17 20:53:03 packer-parallels-iso kernel: [    0.000000] init_memory_mapping: [mem 0x2fc00000-0x2fdfffff]
Jul 17 20:53:03 packer-parallels-iso kernel: [    0.000000]  [mem 0x2fc00000-0x2fdfffff] page 2M
Jul 17 20:53:03 packer-parallels-iso kernel: [    0.000000] init_memory_mapping: [mem 0x2c000000-0x2fbfffff]
Jul 17 20:53:03 packer-parallels-iso kernel: [    0.000000]  [mem 0x2c000000-0x2fbfffff] page 2M
Jul 17 20:53:03 packer-parallels-iso kernel: [    0.000000] init_memory_mapping: [mem 0x00100000-0x2bffffff]
Jul 17 20:53:03 packer-parallels-iso kernel: [    0.000000]  [mem 0x00100000-0x001fffff] page 4k
Jul 17 20:53:03 packer-parallels-iso kernel: [    0.000000]  [mem 0x00200000-0x2bffffff] page 2M
Jul 17 20:53:03 packer-parallels-iso kernel: [    0.000000] init_memory_mapping: [mem 0x2fe00000-0x2ffeffff]
Jul 17 20:53:03 packer-parallels-iso kernel: [    0.000000]  [mem 0x2fe00000-0x2ffeffff] page 4k
Jul 17 20:53:03 packer-parallels-iso kernel: [    0.000000] BRK [0x01fe0000, 0x01fe0fff] PGTABLE
Jul 17 20:53:03 packer-parallels-iso kernel: [    0.000000] RAMDISK: [mem 0x2e16f000-0x2f479fff]
Jul 17 20:53:03 packer-parallels-iso kernel: [    0.000000] ACPI: RSDP 00000000000e8000 000024 (v02 PRLS  )
Jul 17 20:53:03 packer-parallels-iso kernel: [    0.000000] ACPI: XSDT 000000002fff0040 000044 (v01 PRLS   PRLS_OEM 00000001 INTL 20051216)
Jul 17 20:53:03 packer-parallels-iso kernel: [    0.000000] ACPI: FACP 000000002fff0140 0000F4 (v03 PRLS   PRLS_OEM 00000001 INTL 20051216)
Jul 17 20:53:03 packer-parallels-iso kernel: [    0.000000] ACPI: DSDT 000000002fff04c0 004364 (v02 PRLS   PRLSACPI 00001001 INTL 20051216)
Jul 17 20:53:03 packer-parallels-iso kernel: [    0.000000] ACPI: FACS 000000002fff0240 000040
Jul 17 20:53:03 packer-parallels-iso kernel: [    0.000000] ACPI: APIC 000000002fff0280 000216 (v01 PRLS   PRLS_OEM 00000001 INTL 20051216)
Jul 17 20:53:03 packer-parallels-iso kernel: [    0.000000] ACPI: HPET 000000002fff4840 000038 (v00 PRLS   PRLS_OEM 00000001 INTL 20051216)
Jul 17 20:53:03 packer-parallels-iso kernel: [    0.000000] ACPI: MCFG 000000002fff4880 00003C (v01 PRLS   PRLS_OEM 00000001 INTL 20051216)
Jul 17 20:53:03 packer-parallels-iso kernel: [    0.000000] ACPI: Local APIC address 0xfee00000
Jul 17 20:53:03 packer-parallels-iso kernel: [    0.000000] No NUMA configuration found
Jul 17 20:53:03 packer-parallels-iso kernel: [    0.000000] Faking a node at [mem 0x0000000000000000-0x000000002ffeffff]
Jul 17 20:53:03 packer-parallels-iso kernel: [    0.000000] Initmem setup node 0 [mem 0x00000000-0x2ffeffff]
Jul 17 20:53:03 packer-parallels-iso kernel: [    0.000000]   NODE_DATA [mem 0x2ffeb000-0x2ffeffff]
Jul 17 20:53:03 packer-parallels-iso kernel: [    0.000000] kvm-clock: Using msrs 4b564d01 and 4b564d00
Jul 17 20:53:03 packer-parallels-iso kernel: [    0.000000] kvm-clock: cpu 0, msr 0:2ffe7001, boot clock
Jul 17 20:53:03 packer-parallels-iso kernel: [    0.613256]  [ffffea0000000000-ffffea0000bfffff] PMD -> [ffff88002d400000-ffff88002dffffff] on node 0
Jul 17 20:53:03 packer-parallels-iso kernel: [    0.613260] Zone ranges:
Jul 17 20:53:03 packer-parallels-iso kernel: [    0.613264]   DMA      [mem 0x00001000-0x00ffffff]
Jul 17 20:53:03 packer-parallels-iso kernel: [    0.613267]   DMA32    [mem 0x01000000-0xffffffff]
Jul 17 20:53:03 packer-parallels-iso kernel: [    0.613269]   Normal   empty
Jul 17 20:53:03 packer-parallels-iso kernel: [    0.613273] Movable zone start for each node
Jul 17 20:53:03 packer-parallels-iso kernel: [    0.613275] Early memory node ranges
Jul 17 20:53:03 packer-parallels-iso kernel: [    0.613279]   node   0: [mem 0x00001000-0x0009efff]
Jul 17 20:53:03 packer-parallels-iso kernel: [    0.613281]   node   0: [mem 0x00100000-0x2ffeffff]
Jul 17 20:53:03 packer-parallels-iso kernel: [    0.613285] On node 0 totalpages: 196494
Jul 17 20:53:03 packer-parallels-iso kernel: [    0.613289]   DMA zone: 64 pages used for memmap
Jul 17 20:53:03 packer-parallels-iso kernel: [    0.613291]   DMA zone: 21 pages reserved
Jul 17 20:53:03 packer-parallels-iso kernel: [    0.613295]   DMA zone: 3998 pages, LIFO batch:0
Jul 17 20:53:03 packer-parallels-iso kernel: [    0.613299]   DMA32 zone: 3008 pages used for memmap
Jul 17 20:53:03 packer-parallels-iso kernel: [    0.613302]   DMA32 zone: 192496 pages, LIFO batch:31
Jul 17 20:53:03 packer-parallels-iso kernel: [    0.613306] ACPI: PM-Timer IO Port: 0x4008
Jul 17 20:53:03 packer-parallels-iso kernel: [    0.613310] ACPI: Local APIC address 0xfee00000
Jul 17 20:53:03 packer-parallels-iso kernel: [    0.613314] ACPI: LAPIC (acpi_id[0x00] lapic_id[0x00] enabled)
Jul 17 20:53:03 packer-parallels-iso kernel: [    0.613318] ACPI: LAPIC (acpi_id[0x01] lapic_id[0x01] enabled)
Jul 17 20:53:03 packer-parallels-iso kernel: [    0.613320] ACPI: LAPIC (acpi_id[0x02] lapic_id[0x02] disabled)
Jul 17 20:53:03 packer-parallels-iso kernel: [    0.613322] ACPI: LAPIC (acpi_id[0x03] lapic_id[0x03] disabled)
Jul 17 20:53:03 packer-parallels-iso kernel: [    0.613323] ACPI: LAPIC (acpi_id[0x04] lapic_id[0x04] disabled)
Jul 17 20:53:03 packer-parallels-iso kernel: [    0.613325] ACPI: LAPIC (acpi_id[0x05] lapic_id[0x05] disabled)
Jul 17 20:53:03 packer-parallels-iso kernel: [    0.613326] ACPI: LAPIC (acpi_id[0x06] lapic_id[0x06] disabled)
Jul 17 20:53:03 packer-parallels-iso kernel: [    0.613328] ACPI: LAPIC (acpi_id[0x07] lapic_id[0x07] disabled)
Jul 17 20:53:03 packer-parallels-iso kernel: [    0.613330] ACPI: LAPIC (acpi_id[0x08] lapic_id[0x08] disabled)
Jul 17 20:53:03 packer-parallels-iso kernel: [    0.613331] ACPI: LAPIC (acpi_id[0x09] lapic_id[0x09] disabled)
Jul 17 20:53:03 packer-parallels-iso kernel: [    0.613333] ACPI: LAPIC (acpi_id[0x0a] lapic_id[0x0a] disabled)
Jul 17 20:53:03 packer-parallels-iso kernel: [    0.613334] ACPI: LAPIC (acpi_id[0x0b] lapic_id[0x0b] disabled)
Jul 17 20:53:03 packer-parallels-iso kernel: [    0.613337] ACPI: LAPIC (acpi_id[0x0c] lapic_id[0x0c] disabled)
Jul 17 20:53:03 packer-parallels-iso kernel: [    0.613339] ACPI: LAPIC (acpi_id[0x0d] lapic_id[0x0d] disabled)
Jul 17 20:53:03 packer-parallels-iso kernel: [    0.613340] ACPI: LAPIC (acpi_id[0x0e] lapic_id[0x0e] disabled)
Jul 17 20:53:03 packer-parallels-iso kernel: [    0.613342] ACPI: LAPIC (acpi_id[0x0f] lapic_id[0x0f] disabled)
Jul 17 20:53:03 packer-parallels-iso kernel: [    0.613344] ACPI: LAPIC (acpi_id[0x10] lapic_id[0x10] disabled)
Jul 17 20:53:03 packer-parallels-iso kernel: [    0.613345] ACPI: LAPIC (acpi_id[0x11] lapic_id[0x11] disabled)
Jul 17 20:53:03 packer-parallels-iso kernel: [    0.613347] ACPI: LAPIC (acpi_id[0x12] lapic_id[0x12] disabled)
Jul 17 20:53:03 packer-parallels-iso kernel: [    0.613348] ACPI: LAPIC (acpi_id[0x13] lapic_id[0x13] disabled)
Jul 17 20:53:03 packer-parallels-iso kernel: [    0.613350] ACPI: LAPIC (acpi_id[0x14] lapic_id[0x14] disabled)
Jul 17 20:53:03 packer-parallels-iso kernel: [    0.613352] ACPI: LAPIC (acpi_id[0x15] lapic_id[0x15] disabled)
Jul 17 20:53:03 packer-parallels-iso kernel: [    0.613353] ACPI: LAPIC (acpi_id[0x16] lapic_id[0x16] disabled)
Jul 17 20:53:03 packer-parallels-iso kernel: [    0.613355] ACPI: LAPIC (acpi_id[0x17] lapic_id[0x17] disabled)
Jul 17 20:53:03 packer-parallels-iso kernel: [    0.613356] ACPI: LAPIC (acpi_id[0x18] lapic_id[0x18] disabled)
Jul 17 20:53:03 packer-parallels-iso kernel: [    0.613358] ACPI: LAPIC (acpi_id[0x19] lapic_id[0x19] disabled)
Jul 17 20:53:03 packer-parallels-iso kernel: [    0.613360] ACPI: LAPIC (acpi_id[0x1a] lapic_id[0x1a] disabled)
Jul 17 20:53:03 packer-parallels-iso kernel: [    0.613361] ACPI: LAPIC (acpi_id[0x1b] lapic_id[0x1b] disabled)
Jul 17 20:53:03 packer-parallels-iso kernel: [    0.613363] ACPI: LAPIC (acpi_id[0x1c] lapic_id[0x1c] disabled)
Jul 17 20:53:03 packer-parallels-iso kernel: [    0.613364] ACPI: LAPIC (acpi_id[0x1d] lapic_id[0x1d] disabled)
Jul 17 20:53:03 packer-parallels-iso kernel: [    0.613366] ACPI: LAPIC (acpi_id[0x1e] lapic_id[0x1e] disabled)
Jul 17 20:53:03 packer-parallels-iso kernel: [    0.613367] ACPI: LAPIC (acpi_id[0x1f] lapic_id[0x1f] disabled)
Jul 17 20:53:03 packer-parallels-iso kernel: [    0.613371] ACPI: LAPIC_NMI (acpi_id[0x00] high edge lint[0x1])
Jul 17 20:53:03 packer-parallels-iso kernel: [    0.613373] ACPI: LAPIC_NMI (acpi_id[0x01] high edge lint[0x1])
Jul 17 20:53:03 packer-parallels-iso kernel: [    0.613374] ACPI: LAPIC_NMI (acpi_id[0x02] high edge lint[0x1])
Jul 17 20:53:03 packer-parallels-iso kernel: [    0.613376] ACPI: LAPIC_NMI (acpi_id[0x03] high edge lint[0x1])
Jul 17 20:53:03 packer-parallels-iso kernel: [    0.613378] ACPI: LAPIC_NMI (acpi_id[0x04] high edge lint[0x1])
Jul 17 20:53:03 packer-parallels-iso kernel: [    0.613379] ACPI: LAPIC_NMI (acpi_id[0x05] high edge lint[0x1])
Jul 17 20:53:03 packer-parallels-iso kernel: [    0.613381] ACPI: LAPIC_NMI (acpi_id[0x06] high edge lint[0x1])
Jul 17 20:53:03 packer-parallels-iso kernel: [    0.613382] ACPI: LAPIC_NMI (acpi_id[0x07] high edge lint[0x1])
Jul 17 20:53:03 packer-parallels-iso kernel: [    0.613384] ACPI: LAPIC_NMI (acpi_id[0x08] high edge lint[0x1])
Jul 17 20:53:03 packer-parallels-iso kernel: [    0.613386] ACPI: LAPIC_NMI (acpi_id[0x09] high edge lint[0x1])
Jul 17 20:53:03 packer-parallels-iso kernel: [    0.613387] ACPI: LAPIC_NMI (acpi_id[0x0a] high edge lint[0x1])
Jul 17 20:53:03 packer-parallels-iso kernel: [    0.613389] ACPI: LAPIC_NMI (acpi_id[0x0b] high edge lint[0x1])
Jul 17 20:53:03 packer-parallels-iso kernel: [    0.613390] ACPI: LAPIC_NMI (acpi_id[0x0c] high edge lint[0x1])
Jul 17 20:53:03 packer-parallels-iso kernel: [    0.613392] ACPI: LAPIC_NMI (acpi_id[0x0d] high edge lint[0x1])
Jul 17 20:53:03 packer-parallels-iso kernel: [    0.613393] ACPI: LAPIC_NMI (acpi_id[0x0e] high edge lint[0x1])
Jul 17 20:53:03 packer-parallels-iso kernel: [    0.613395] ACPI: LAPIC_NMI (acpi_id[0x0f] high edge lint[0x1])
Jul 17 20:53:03 packer-parallels-iso kernel: [    0.613397] ACPI: LAPIC_NMI (acpi_id[0x10] high edge lint[0x1])
Jul 17 20:53:03 packer-parallels-iso kernel: [    0.613398] ACPI: LAPIC_NMI (acpi_id[0x11] high edge lint[0x1])
Jul 17 20:53:03 packer-parallels-iso kernel: [    0.613400] ACPI: LAPIC_NMI (acpi_id[0x12] high edge lint[0x1])
Jul 17 20:53:03 packer-parallels-iso kernel: [    0.613402] ACPI: LAPIC_NMI (acpi_id[0x13] high edge lint[0x1])
Jul 17 20:53:03 packer-parallels-iso kernel: [    0.613403] ACPI: LAPIC_NMI (acpi_id[0x14] high edge lint[0x1])
Jul 17 20:53:03 packer-parallels-iso kernel: [    0.613405] ACPI: LAPIC_NMI (acpi_id[0x15] high edge lint[0x1])
Jul 17 20:53:03 packer-parallels-iso kernel: [    0.613406] ACPI: LAPIC_NMI (acpi_id[0x16] high edge lint[0x1])
Jul 17 20:53:03 packer-parallels-iso kernel: [    0.613408] ACPI: LAPIC_NMI (acpi_id[0x17] high edge lint[0x1])
Jul 17 20:53:03 packer-parallels-iso kernel: [    0.613410] ACPI: LAPIC_NMI (acpi_id[0x18] high edge lint[0x1])
Jul 17 20:53:03 packer-parallels-iso kernel: [    0.613411] ACPI: LAPIC_NMI (acpi_id[0x19] high edge lint[0x1])
Jul 17 20:53:03 packer-parallels-iso kernel: [    0.613413] ACPI: LAPIC_NMI (acpi_id[0x1a] high edge lint[0x1])
Jul 17 20:53:03 packer-parallels-iso kernel: [    0.613414] ACPI: LAPIC_NMI (acpi_id[0x1b] high edge lint[0x1])
Jul 17 20:53:03 packer-parallels-iso kernel: [    0.613416] ACPI: LAPIC_NMI (acpi_id[0x1c] high edge lint[0x1])
Jul 17 20:53:03 packer-parallels-iso kernel: [    0.613417] ACPI: LAPIC_NMI (acpi_id[0x1d] high edge lint[0x1])
Jul 17 20:53:03 packer-parallels-iso kernel: [    0.613419] ACPI: LAPIC_NMI (acpi_id[0x1e] high edge lint[0x1])
Jul 17 20:53:03 packer-parallels-iso kernel: [    0.613421] ACPI: LAPIC_NMI (acpi_id[0x1f] high edge lint[0x1])
Jul 17 20:53:03 packer-parallels-iso kernel: [    0.613425] ACPI: IOAPIC (id[0x00] address[0xfec00000] gsi_base[0])
Jul 17 20:53:03 packer-parallels-iso kernel: [    0.613429] IOAPIC[0]: apic_id 0, version 2, address 0xfec00000, GSI 0-23
Jul 17 20:53:03 packer-parallels-iso kernel: [    0.613433] ACPI: INT_SRC_OVR (bus 0 bus_irq 0 global_irq 2 dfl dfl)
Jul 17 20:53:03 packer-parallels-iso kernel: [    0.613437] ACPI: INT_SRC_OVR (bus 0 bus_irq 14 global_irq 14 dfl edge)
Jul 17 20:53:03 packer-parallels-iso kernel: [    0.613439] ACPI: INT_SRC_OVR (bus 0 bus_irq 15 global_irq 15 dfl edge)
Jul 17 20:53:03 packer-parallels-iso kernel: [    0.613442] ACPI: IRQ0 used by override.
Jul 17 20:53:03 packer-parallels-iso kernel: [    0.613445] ACPI: IRQ2 used by override.
Jul 17 20:53:03 packer-parallels-iso kernel: [    0.613448] ACPI: IRQ9 used by override.
Jul 17 20:53:03 packer-parallels-iso kernel: [    0.613450] ACPI: IRQ14 used by override.
Jul 17 20:53:03 packer-parallels-iso kernel: [    0.613453] ACPI: IRQ15 used by override.
Jul 17 20:53:03 packer-parallels-iso kernel: [    0.613456] Using ACPI (MADT) for SMP configuration information
Jul 17 20:53:03 packer-parallels-iso kernel: [    0.613460] ACPI: HPET id: 0x8086a701 base: 0xfed00000
Jul 17 20:53:03 packer-parallels-iso kernel: [    0.613464] smpboot: Allowing 32 CPUs, 30 hotplug CPUs
Jul 17 20:53:03 packer-parallels-iso kernel: [    0.613468] nr_irqs_gsi: 40
Jul 17 20:53:03 packer-parallels-iso kernel: [    0.613476] PM: Registered nosave memory: [mem 0x0009f000-0x0009ffff]
Jul 17 20:53:03 packer-parallels-iso kernel: [    0.613478] PM: Registered nosave memory: [mem 0x000a0000-0x000dbfff]
Jul 17 20:53:03 packer-parallels-iso kernel: [    0.613480] PM: Registered nosave memory: [mem 0x000dc000-0x000fffff]
Jul 17 20:53:03 packer-parallels-iso kernel: [    0.613484] e820: [mem 0x30000000-0xfcffffff] available for PCI devices
Jul 17 20:53:03 packer-parallels-iso kernel: [    0.613487] Booting paravirtualized kernel on KVM
Jul 17 20:53:03 packer-parallels-iso kernel: [    0.613491] setup_percpu: NR_CPUS:256 nr_cpumask_bits:256 nr_cpu_ids:32 nr_node_ids:1
Jul 17 20:53:03 packer-parallels-iso kernel: [    0.613495] PERCPU: Embedded 29 pages/cpu @ffff88002d000000 s86336 r8192 d24256 u131072
Jul 17 20:53:03 packer-parallels-iso kernel: [    0.613499] pcpu-alloc: s86336 r8192 d24256 u131072 alloc=1*2097152
Jul 17 20:53:03 packer-parallels-iso kernel: [    0.613502] pcpu-alloc: [0] 00 01 02 03 04 05 06 07 08 09 10 11 12 13 14 15 
Jul 17 20:53:03 packer-parallels-iso kernel: [    0.613506] pcpu-alloc: [0] 16 17 18 19 20 21 22 23 24 25 26 27 28 29 30 31 
Jul 17 20:53:03 packer-parallels-iso kernel: [    0.613510] kvm-clock: cpu 0, msr 0:2ffe7001, primary cpu clock
Jul 17 20:53:03 packer-parallels-iso kernel: [    0.613514] Built 1 zonelists in Node order, mobility grouping on.  Total pages: 193401
Jul 17 20:53:03 packer-parallels-iso kernel: [    0.613515] Policy zone: DMA32
Jul 17 20:53:03 packer-parallels-iso kernel: [    0.613519] Kernel command line: BOOT_IMAGE=/vmlinuz-3.13.0-24-generic root=/dev/mapper/packer--parallels--iso--vg-root ro quiet splash vt.handoff=7
Jul 17 20:53:03 packer-parallels-iso kernel: [    0.613523] PID hash table entries: 4096 (order: 3, 32768 bytes)
Jul 17 20:53:03 packer-parallels-iso kernel: [    0.613527] xsave: enabled xstate_bv 0x7, cntxt size 0x340
Jul 17 20:53:03 packer-parallels-iso kernel: [    0.613531] Checking aperture...
Jul 17 20:53:03 packer-parallels-iso kernel: [    0.613535] No AGP bridge found
Jul 17 20:53:03 packer-parallels-iso kernel: [    0.613539] Calgary: detecting Calgary via BIOS EBDA area
Jul 17 20:53:03 packer-parallels-iso kernel: [    0.613541] Calgary: Unable to locate Rio Grande table in EBDA - bailing!
Jul 17 20:53:03 packer-parallels-iso kernel: [    0.613545] Memory: 733836K/785976K available (7338K kernel code, 1138K rwdata, 3388K rodata, 1332K init, 1440K bss, 52140K reserved)
Jul 17 20:53:03 packer-parallels-iso kernel: [    0.613561] SLUB: HWalign=64, Order=0-3, MinObjects=0, CPUs=32, Nodes=1
Jul 17 20:53:03 packer-parallels-iso kernel: [    0.613575] Hierarchical RCU implementation.
Jul 17 20:53:03 packer-parallels-iso kernel: [    0.613577] 	RCU dyntick-idle grace-period acceleration is enabled.
Jul 17 20:53:03 packer-parallels-iso kernel: [    0.613579] 	RCU restricting CPUs from NR_CPUS=256 to nr_cpu_ids=32.
Jul 17 20:53:03 packer-parallels-iso kernel: [    0.613580] 	Offload RCU callbacks from all CPUs
Jul 17 20:53:03 packer-parallels-iso kernel: [    0.613582] 	Offload RCU callbacks from CPUs: 0-31.
Jul 17 20:53:03 packer-parallels-iso kernel: [    0.613586] NR_IRQS:16640 nr_irqs:936 16
Jul 17 20:53:03 packer-parallels-iso kernel: [    0.614583] Console: colour dummy device 80x25
Jul 17 20:53:03 packer-parallels-iso kernel: [    0.614758] console [tty0] enabled
Jul 17 20:53:03 packer-parallels-iso kernel: [    0.657987] allocated 3145728 bytes of page_cgroup
Jul 17 20:53:03 packer-parallels-iso kernel: [    0.657989] please try 'cgroup_disable=memory' option if you don't want memory cgroups
Jul 17 20:53:03 packer-parallels-iso kernel: [    0.658791] hpet clockevent registered
Jul 17 20:53:03 packer-parallels-iso kernel: [    0.658861] tsc: Detected 2700.000 MHz processor
Jul 17 20:53:03 packer-parallels-iso kernel: [    0.659032] Calibrating delay loop (skipped) preset value.. 5400.00 BogoMIPS (lpj=10800000)
Jul 17 20:53:03 packer-parallels-iso kernel: [    0.659036] pid_max: default: 32768 minimum: 301
Jul 17 20:53:03 packer-parallels-iso kernel: [    0.659267] Security Framework initialized
Jul 17 20:53:03 packer-parallels-iso kernel: [    0.660979] AppArmor: AppArmor initialized
Jul 17 20:53:03 packer-parallels-iso kernel: [    0.660981] Yama: becoming mindful.
Jul 17 20:53:03 packer-parallels-iso kernel: [    0.663562] Dentry cache hash table entries: 131072 (order: 8, 1048576 bytes)
Jul 17 20:53:03 packer-parallels-iso kernel: [    0.678807] Inode-cache hash table entries: 65536 (order: 7, 524288 bytes)
Jul 17 20:53:03 packer-parallels-iso kernel: [    0.686807] Mount-cache hash table entries: 2048 (order: 2, 16384 bytes)
Jul 17 20:53:03 packer-parallels-iso kernel: [    0.686810] Mountpoint-cache hash table entries: 2048 (order: 2, 16384 bytes)
Jul 17 20:53:03 packer-parallels-iso kernel: [    0.691023] Initializing cgroup subsys memory
Jul 17 20:53:03 packer-parallels-iso kernel: [    0.691078] Initializing cgroup subsys devices
Jul 17 20:53:03 packer-parallels-iso kernel: [    0.691090] Initializing cgroup subsys freezer
Jul 17 20:53:03 packer-parallels-iso kernel: [    0.691105] Initializing cgroup subsys blkio
Jul 17 20:53:03 packer-parallels-iso kernel: [    0.691116] Initializing cgroup subsys perf_event
Jul 17 20:53:03 packer-parallels-iso kernel: [    0.691126] Initializing cgroup subsys hugetlb
Jul 17 20:53:03 packer-parallels-iso kernel: [    0.691258] Disabled fast string operations
Jul 17 20:53:03 packer-parallels-iso kernel: [    0.691261] CPU: Physical Processor ID: 0
Jul 17 20:53:03 packer-parallels-iso kernel: [    0.691263] CPU: Processor Core ID: 0
Jul 17 20:53:03 packer-parallels-iso kernel: [    0.692098] mce: CPU supports 0 MCE banks
Jul 17 20:53:03 packer-parallels-iso kernel: [    0.692171] Last level iTLB entries: 4KB 512, 2MB 0, 4MB 0
Jul 17 20:53:03 packer-parallels-iso kernel: [    0.692171] Last level dTLB entries: 4KB 512, 2MB 32, 4MB 32
Jul 17 20:53:03 packer-parallels-iso kernel: [    0.692171] tlb_flushall_shift: 2
Jul 17 20:53:03 packer-parallels-iso kernel: [    0.692702] Freeing SMP alternatives memory: 32K (ffffffff81e6b000 - ffffffff81e73000)
Jul 17 20:53:03 packer-parallels-iso kernel: [    0.700620] ACPI: Core revision 20131115
Jul 17 20:53:03 packer-parallels-iso kernel: [    0.702355] ACPI: All ACPI Tables successfully acquired
Jul 17 20:53:03 packer-parallels-iso kernel: [    0.702805] ftrace: allocating 28408 entries in 111 pages
Jul 17 20:53:03 packer-parallels-iso kernel: [    0.725537] Enabling x2apic
Jul 17 20:53:03 packer-parallels-iso kernel: [    0.725541] Enabled x2apic
Jul 17 20:53:03 packer-parallels-iso kernel: [    0.725545] Switched APIC routing to physical x2apic.
Jul 17 20:53:03 packer-parallels-iso kernel: [    0.726950] ..TIMER: vector=0x30 apic1=0 pin1=2 apic2=-1 pin2=-1
Jul 17 20:53:03 packer-parallels-iso kernel: [    0.726952] smpboot: CPU0: Intel(R) Core(TM) i7-3740QM CPU @ 2.70GHz (fam: 06, model: 3a, stepping: 09)
Jul 17 20:53:03 packer-parallels-iso kernel: [    0.835313] Performance Events: unsupported p6 CPU model 58 no PMU driver, software events only.
Jul 17 20:53:03 packer-parallels-iso kernel: [    0.902815] NMI watchdog: disabled (cpu0): hardware events not enabled
Jul 17 20:53:03 packer-parallels-iso kernel: [    0.908810] x86: Booting SMP configuration:
Jul 17 20:53:03 packer-parallels-iso kernel: [    0.923458] kvm-clock: cpu 1, msr 0:2ffe7041, secondary cpu clock
Jul 17 20:53:03 packer-parallels-iso kernel: [    0.923466] Disabled fast string operations
Jul 17 20:53:03 packer-parallels-iso kernel: [    0.923470] mce: CPU supports 0 MCE banks
Jul 17 20:53:03 packer-parallels-iso kernel: [    0.908813] .... node  #0, CPUs:        #1
Jul 17 20:53:03 packer-parallels-iso kernel: [    0.926786] x86: Booted up 1 node, 2 CPUs
Jul 17 20:53:03 packer-parallels-iso kernel: [    0.926790] smpboot: Total of 2 processors activated (10800.00 BogoMIPS)
Jul 17 20:53:03 packer-parallels-iso kernel: [    0.947943] devtmpfs: initialized
Jul 17 20:53:03 packer-parallels-iso kernel: [    0.953562] EVM: security.selinux
Jul 17 20:53:03 packer-parallels-iso kernel: [    0.953565] EVM: security.SMACK64
Jul 17 20:53:03 packer-parallels-iso kernel: [    0.953566] EVM: security.ima
Jul 17 20:53:03 packer-parallels-iso kernel: [    0.953568] EVM: security.capability
Jul 17 20:53:03 packer-parallels-iso kernel: [    0.954078] PM: Registering ACPI NVS region [mem 0x2ffff000-0x2fffffff] (4096 bytes)
Jul 17 20:53:03 packer-parallels-iso kernel: [    0.958863] pinctrl core: initialized pinctrl subsystem
Jul 17 20:53:03 packer-parallels-iso kernel: [    0.959408] regulator-dummy: no parameters
Jul 17 20:53:03 packer-parallels-iso kernel: [    0.959456] RTC time: 20:53:00, date: 07/17/14
Jul 17 20:53:03 packer-parallels-iso kernel: [    0.960539] NET: Registered protocol family 16
Jul 17 20:53:03 packer-parallels-iso kernel: [    0.961280] cpuidle: using governor ladder
Jul 17 20:53:03 packer-parallels-iso kernel: [    0.961282] cpuidle: using governor menu
Jul 17 20:53:03 packer-parallels-iso kernel: [    0.961387] ACPI: bus type PCI registered
Jul 17 20:53:03 packer-parallels-iso kernel: [    0.961409] acpiphp: ACPI Hot Plug PCI Controller Driver version: 0.5
Jul 17 20:53:03 packer-parallels-iso kernel: [    0.961699] PCI: MMCONFIG for domain 0000 [bus 00-0f] at [mem 0xfc000000-0xfcffffff] (base 0xfc000000)
Jul 17 20:53:03 packer-parallels-iso kernel: [    0.961714] PCI: not using MMCONFIG
Jul 17 20:53:03 packer-parallels-iso kernel: [    0.961723] PCI: Using configuration type 1 for base access
Jul 17 20:53:03 packer-parallels-iso kernel: [    0.962006] mtrr: your CPUs had inconsistent variable MTRR settings
Jul 17 20:53:03 packer-parallels-iso kernel: [    0.962008] mtrr: probably your BIOS does not setup all CPUs.
Jul 17 20:53:03 packer-parallels-iso kernel: [    0.962009] mtrr: corrected configuration.
Jul 17 20:53:03 packer-parallels-iso kernel: [    0.965782] bio: create slab <bio-0> at 0
Jul 17 20:53:03 packer-parallels-iso kernel: [    0.969790] ACPI: Added _OSI(Module Device)
Jul 17 20:53:03 packer-parallels-iso kernel: [    0.969792] ACPI: Added _OSI(Processor Device)
Jul 17 20:53:03 packer-parallels-iso kernel: [    0.969805] ACPI: Added _OSI(3.0 _SCP Extensions)
Jul 17 20:53:03 packer-parallels-iso kernel: [    0.969807] ACPI: Added _OSI(Processor Aggregator Device)
Jul 17 20:53:03 packer-parallels-iso kernel: [    0.973468] ACPI: Executed 1 blocks of module-level executable AML code
Jul 17 20:53:03 packer-parallels-iso kernel: [    0.976578] ACPI: Interpreter enabled
Jul 17 20:53:03 packer-parallels-iso kernel: [    0.976605] ACPI Exception: AE_NOT_FOUND, While evaluating Sleep State [\_S2_] (20131115/hwxface-580)
Jul 17 20:53:03 packer-parallels-iso kernel: [    0.976638] ACPI: (supports S0 S1 S3 S4 S5)
Jul 17 20:53:03 packer-parallels-iso kernel: [    0.976644] ACPI: Using IOAPIC for interrupt routing
Jul 17 20:53:03 packer-parallels-iso kernel: [    0.976674] PCI: MMCONFIG for domain 0000 [bus 00-0f] at [mem 0xfc000000-0xfcffffff] (base 0xfc000000)
Jul 17 20:53:03 packer-parallels-iso kernel: [    0.977067] PCI: MMCONFIG at [mem 0xfc000000-0xfcffffff] reserved in ACPI motherboard resources
Jul 17 20:53:03 packer-parallels-iso kernel: [    0.979594] PCI: Ignoring host bridge windows from ACPI; if necessary, use "pci=use_crs" and report a bug
Jul 17 20:53:03 packer-parallels-iso kernel: [    0.979854] ACPI: No dock devices found.
Jul 17 20:53:03 packer-parallels-iso kernel: [    1.032835] ACPI: PCI Root Bridge [PCI0] (domain 0000 [bus 00-7f])
Jul 17 20:53:03 packer-parallels-iso kernel: [    1.032891] acpi PNP0A08:00: _OSC: OS supports [ExtendedConfig ASPM ClockPM Segments MSI]
Jul 17 20:53:03 packer-parallels-iso kernel: [    1.032895] acpi PNP0A08:00: _OSC failed (AE_NOT_FOUND); disabling ASPM
Jul 17 20:53:03 packer-parallels-iso kernel: [    1.032925] acpi PNP0A08:00: host bridge window [io  0x0000-0x0cf7] (ignored)
Jul 17 20:53:03 packer-parallels-iso kernel: [    1.032928] acpi PNP0A08:00: host bridge window [io  0x0d00-0xffff] (ignored)
Jul 17 20:53:03 packer-parallels-iso kernel: [    1.032930] acpi PNP0A08:00: host bridge window [mem 0x000a0000-0x000bffff] (ignored)
Jul 17 20:53:03 packer-parallels-iso kernel: [    1.032933] acpi PNP0A08:00: host bridge window [mem 0x000d0000-0x000dffff] (ignored)
Jul 17 20:53:03 packer-parallels-iso kernel: [    1.032935] acpi PNP0A08:00: host bridge window [mem 0x000c0000-0x000cffff] (ignored)
Jul 17 20:53:03 packer-parallels-iso kernel: [    1.032937] acpi PNP0A08:00: host bridge window [mem 0xb0000000-0xfbffffff] (ignored)
Jul 17 20:53:03 packer-parallels-iso kernel: [    1.032940] acpi PNP0A08:00: host bridge window [mem 0xfd000000-0xfd7fffff] (ignored)
Jul 17 20:53:03 packer-parallels-iso kernel: [    1.033019] PCI: root bus 00: using default resources
Jul 17 20:53:03 packer-parallels-iso kernel: [    1.033022] acpi PNP0A08:00: [Firmware Info]: MMCONFIG for domain 0000 [bus 00-0f] only partially covers this bridge
Jul 17 20:53:03 packer-parallels-iso kernel: [    1.033406] PCI host bridge to bus 0000:00
Jul 17 20:53:03 packer-parallels-iso kernel: [    1.033410] pci_bus 0000:00: root bus resource [bus 00-7f]
Jul 17 20:53:03 packer-parallels-iso kernel: [    1.033413] pci_bus 0000:00: root bus resource [io  0x0000-0xffff]
Jul 17 20:53:03 packer-parallels-iso kernel: [    1.033415] pci_bus 0000:00: root bus resource [mem 0x00000000-0xfffffffff]
Jul 17 20:53:03 packer-parallels-iso kernel: [    1.033726] pci 0000:00:00.0: [8086:29a0] type 00 class 0x060000
Jul 17 20:53:03 packer-parallels-iso kernel: [    1.034313] pci 0000:00:01.0: [8086:2981] type 01 class 0x060401
Jul 17 20:53:03 packer-parallels-iso kernel: [    1.034695] pci 0000:00:01.0: PME# supported from D0 D3hot D3cold
Jul 17 20:53:03 packer-parallels-iso kernel: [    1.034778] pci 0000:00:03.0: [1ab8:4000] type 00 class 0xff0000
Jul 17 20:53:03 packer-parallels-iso kernel: [    1.034782] pci 0000:00:03.0: reg 0x10: [io  0x8000-0x801f]
Jul 17 20:53:03 packer-parallels-iso kernel: [    1.034790] pci 0000:00:05.0: [1af4:1000] type 00 class 0x020000
Jul 17 20:53:03 packer-parallels-iso kernel: [    1.034794] pci 0000:00:05.0: reg 0x10: [io  0x8200-0x823f]
Jul 17 20:53:03 packer-parallels-iso kernel: [    1.034798] pci 0000:00:05.0: reg 0x14: [mem 0xee000000-0xee000fff]
Jul 17 20:53:03 packer-parallels-iso kernel: [    1.034806] pci 0000:00:0a.0: [1011:0022] type 01 class 0x060400
Jul 17 20:53:03 packer-parallels-iso kernel: [    1.034814] pci 0000:00:0e.0: [1af4:1002] type 00 class 0x050000
Jul 17 20:53:03 packer-parallels-iso kernel: [    1.034818] pci 0000:00:0e.0: reg 0x10: [io  0xb000-0xb01f]
Jul 17 20:53:03 packer-parallels-iso kernel: [    1.034830] pci 0000:00:1d.0: [8086:2658] type 00 class 0x0c0300
Jul 17 20:53:03 packer-parallels-iso kernel: [    1.034834] pci 0000:00:1d.0: reg 0x20: [io  0xb200-0xb21f]
Jul 17 20:53:03 packer-parallels-iso kernel: [    1.034842] pci 0000:00:1d.6: [1033:0194] type 00 class 0x0c0330
Jul 17 20:53:03 packer-parallels-iso kernel: [    1.034846] pci 0000:00:1d.6: reg 0x10: [mem 0xef100000-0xef100fff]
Jul 17 20:53:03 packer-parallels-iso kernel: [    1.034854] pci 0000:00:1d.7: [8086:265c] type 00 class 0x0c0320
Jul 17 20:53:03 packer-parallels-iso kernel: [    1.034858] pci 0000:00:1d.7: reg 0x10: [mem 0xef140000-0xef1403ff]
Jul 17 20:53:03 packer-parallels-iso kernel: [    1.034866] pci 0000:00:1e.0: [8086:244e] type 01 class 0x060400
Jul 17 20:53:03 packer-parallels-iso kernel: [    1.034874] pci 0000:00:1f.0: [8086:2810] type 00 class 0x060100
Jul 17 20:53:03 packer-parallels-iso kernel: [    1.035877] pci 0000:00:1f.0: address space collision: [io  0x4000-0x407f] conflicts with ACPI CPU throttle [??? 0x00004010-0x00004015 flags 0x80000000]
Jul 17 20:53:03 packer-parallels-iso kernel: [    1.035885] pci 0000:00:1f.1: [8086:244b] type 00 class 0x010180
Jul 17 20:53:03 packer-parallels-iso kernel: [    1.035889] pci 0000:00:1f.1: reg 0x20: [io  0xe000-0xe00f]
Jul 17 20:53:03 packer-parallels-iso kernel: [    1.035897] pci 0000:00:1f.2: [8086:2821] type 00 class 0x010601
Jul 17 20:53:03 packer-parallels-iso kernel: [    1.035901] pci 0000:00:1f.2: reg 0x10: [io  0xe200-0xe207]
Jul 17 20:53:03 packer-parallels-iso kernel: [    1.035905] pci 0000:00:1f.2: reg 0x14: [io  0xe400-0xe403]
Jul 17 20:53:03 packer-parallels-iso kernel: [    1.035909] pci 0000:00:1f.2: reg 0x18: [io  0xe600-0xe607]
Jul 17 20:53:03 packer-parallels-iso kernel: [    1.035913] pci 0000:00:1f.2: reg 0x1c: [io  0xe800-0xe803]
Jul 17 20:53:03 packer-parallels-iso kernel: [    1.035917] pci 0000:00:1f.2: reg 0x20: [io  0xea00-0xea0f]
Jul 17 20:53:03 packer-parallels-iso kernel: [    1.035921] pci 0000:00:1f.2: reg 0x24: [mem 0xf0200000-0xf0201fff]
Jul 17 20:53:03 packer-parallels-iso kernel: [    1.035925] pci 0000:00:1f.2: PME# supported from D3hot
Jul 17 20:53:03 packer-parallels-iso kernel: [    1.035941] pci 0000:01:00.0: [1ab8:4005] type 00 class 0x030000
Jul 17 20:53:03 packer-parallels-iso kernel: [    1.035945] pci 0000:01:00.0: reg 0x10: [io  0x6000-0x601f]
Jul 17 20:53:03 packer-parallels-iso kernel: [    1.035949] pci 0000:01:00.0: reg 0x14: [mem 0xb0000000-0xb1ffffff pref]
Jul 17 20:53:03 packer-parallels-iso kernel: [    1.035963] pci 0000:01:00.0: reg 0x30: [mem 0xe2000000-0xe200ffff pref]
Jul 17 20:53:03 packer-parallels-iso kernel: [    1.036475] pci 0000:00:01.0: PCI bridge to [bus 01] (subtractive decode)
Jul 17 20:53:03 packer-parallels-iso kernel: [    1.036479] pci 0000:00:01.0:   bridge window [io  0x6000-0x7fff]
Jul 17 20:53:03 packer-parallels-iso kernel: [    1.036483] pci 0000:00:01.0:   bridge window [mem 0xe2000000-0xedffffff]
Jul 17 20:53:03 packer-parallels-iso kernel: [    1.036487] pci 0000:00:01.0:   bridge window [mem 0xb0000000-0xdfffffff 64bit pref]
Jul 17 20:53:03 packer-parallels-iso kernel: [    1.036489] pci 0000:00:01.0:   bridge window [io  0x0000-0xffff] (subtractive decode)
Jul 17 20:53:03 packer-parallels-iso kernel: [    1.036492] pci 0000:00:01.0:   bridge window [mem 0x00000000-0xfffffffff] (subtractive decode)
Jul 17 20:53:03 packer-parallels-iso kernel: [    1.036500] pci 0000:00:0a.0: PCI bridge to [bus 02]
Jul 17 20:53:03 packer-parallels-iso kernel: [    1.036504] pci 0000:00:0a.0:   bridge window [io  0x9000-0xafff]
Jul 17 20:53:03 packer-parallels-iso kernel: [    1.036508] pci 0000:00:0a.0:   bridge window [mem 0xee100000-0xef0fffff]
Jul 17 20:53:03 packer-parallels-iso kernel: [    1.036512] pci 0000:00:0a.0:   bridge window [mem 0xe0000000-0xe0ffffff pref]
Jul 17 20:53:03 packer-parallels-iso kernel: [    1.036516] pci 0000:00:1e.0: PCI bridge to [bus 03] (subtractive decode)
Jul 17 20:53:03 packer-parallels-iso kernel: [    1.036520] pci 0000:00:1e.0:   bridge window [io  0xc000-0xdfff]
Jul 17 20:53:03 packer-parallels-iso kernel: [    1.036524] pci 0000:00:1e.0:   bridge window [mem 0xef200000-0xf01fffff]
Jul 17 20:53:03 packer-parallels-iso kernel: [    1.036528] pci 0000:00:1e.0:   bridge window [mem 0xe1000000-0x4001ab8e1ffffff 64bit pref]
Jul 17 20:53:03 packer-parallels-iso kernel: [    1.036530] pci 0000:00:1e.0:   bridge window [io  0x0000-0xffff] (subtractive decode)
Jul 17 20:53:03 packer-parallels-iso kernel: [    1.036532] pci 0000:00:1e.0:   bridge window [mem 0x00000000-0xfffffffff] (subtractive decode)
Jul 17 20:53:03 packer-parallels-iso kernel: [    1.036536] ACPI Exception: AE_NOT_FOUND, Evaluating _PRS (20131115/pci_link-180)
Jul 17 20:53:03 packer-parallels-iso kernel: [    1.064744] ACPI: Enabled 2 GPEs in block 00 to 0F
Jul 17 20:53:03 packer-parallels-iso kernel: [    1.064748] ACPI: \_SB_.PCI0: notify handler is installed
Jul 17 20:53:03 packer-parallels-iso kernel: [    1.064752] Found 1 acpi root devices
Jul 17 20:53:03 packer-parallels-iso kernel: [    1.064756] ACPI : EC: GPE = 0xa, I/O: command/status = 0x66, data = 0x62
Jul 17 20:53:03 packer-parallels-iso kernel: [    1.066359] vgaarb: device added: PCI:0000:01:00.0,decodes=io+mem,owns=io+mem,locks=none
Jul 17 20:53:03 packer-parallels-iso kernel: [    1.066368] vgaarb: loaded
Jul 17 20:53:03 packer-parallels-iso kernel: [    1.066374] vgaarb: bridge control possible 0000:01:00.0
Jul 17 20:53:03 packer-parallels-iso kernel: [    1.067550] SCSI subsystem initialized
Jul 17 20:53:03 packer-parallels-iso kernel: [    1.068876] libata version 3.00 loaded.
Jul 17 20:53:03 packer-parallels-iso kernel: [    1.069035] ACPI: bus type USB registered
Jul 17 20:53:03 packer-parallels-iso kernel: [    1.069092] usbcore: registered new interface driver usbfs
Jul 17 20:53:03 packer-parallels-iso kernel: [    1.069119] usbcore: registered new interface driver hub
Jul 17 20:53:03 packer-parallels-iso kernel: [    1.069467] usbcore: registered new device driver usb
Jul 17 20:53:03 packer-parallels-iso kernel: [    1.071271] PCI: Using ACPI for IRQ routing
Jul 17 20:53:03 packer-parallels-iso kernel: [    1.073079] PCI: pci_cache_line_size set to 64 bytes
Jul 17 20:53:03 packer-parallels-iso kernel: [    1.073100] pci 0000:00:1e.0: no compatible bridge window for [mem 0xe1000000-0x4001ab8e1ffffff 64bit pref]
Jul 17 20:53:03 packer-parallels-iso kernel: [    1.073277] e820: reserve RAM buffer [mem 0x0009fc00-0x0009ffff]
Jul 17 20:53:03 packer-parallels-iso kernel: [    1.073286] e820: reserve RAM buffer [mem 0x2fff0000-0x2fffffff]
Jul 17 20:53:03 packer-parallels-iso kernel: [    1.074410] NetLabel: Initializing
Jul 17 20:53:03 packer-parallels-iso kernel: [    1.074413] NetLabel:  domain hash size = 128
Jul 17 20:53:03 packer-parallels-iso kernel: [    1.074414] NetLabel:  protocols = UNLABELED CIPSOv4
Jul 17 20:53:03 packer-parallels-iso kernel: [    1.074464] NetLabel:  unlabeled traffic allowed by default
Jul 17 20:53:03 packer-parallels-iso kernel: [    1.075674] hpet0: at MMIO 0xfed00000, IRQs 2, 8, 0, 0, 0, 0, 0, 0
Jul 17 20:53:03 packer-parallels-iso kernel: [    1.075692] hpet0: 8 comparators, 64-bit 16.000000 MHz counter
Jul 17 20:53:03 packer-parallels-iso kernel: [    1.078914] Switched to clocksource kvm-clock
Jul 17 20:53:03 packer-parallels-iso kernel: [    1.132421] AppArmor: AppArmor Filesystem Enabled
Jul 17 20:53:03 packer-parallels-iso kernel: [    1.132928] pnp: PnP ACPI init
Jul 17 20:53:03 packer-parallels-iso kernel: [    1.133431] ACPI: bus type PNP registered
Jul 17 20:53:03 packer-parallels-iso kernel: [    1.134927] pnp 00:00: Plug and Play ACPI device, IDs PNP0303 (active)
Jul 17 20:53:03 packer-parallels-iso kernel: [    1.134931] pnp 00:01: Plug and Play ACPI device, IDs PNP0f03 (active)
Jul 17 20:53:03 packer-parallels-iso kernel: [    1.134939] pnp 00:02: Plug and Play ACPI device, IDs PNP0b00 (active)
Jul 17 20:53:03 packer-parallels-iso kernel: [    1.135442] pnp 00:03: Plug and Play ACPI device, IDs PNP0800 (active)
Jul 17 20:53:03 packer-parallels-iso kernel: [    1.135949] system 00:04: [mem 0xffc00000-0xffffffff] has been reserved
Jul 17 20:53:03 packer-parallels-iso kernel: [    1.135953] system 00:04: Plug and Play ACPI device, IDs PNP0c01 (active)
Jul 17 20:53:03 packer-parallels-iso kernel: [    1.135957] pnp 00:05: [dma 4]
Jul 17 20:53:03 packer-parallels-iso kernel: [    1.135965] pnp 00:05: Plug and Play ACPI device, IDs PNP0200 (active)
Jul 17 20:53:03 packer-parallels-iso kernel: [    1.135969] system 00:06: [io  0x04d0-0x04d1] has been reserved
Jul 17 20:53:03 packer-parallels-iso kernel: [    1.135972] system 00:06: [io  0x1000-0x107f] has been reserved
Jul 17 20:53:03 packer-parallels-iso kernel: [    1.135974] system 00:06: [io  0x1300-0x133f] has been reserved
Jul 17 20:53:03 packer-parallels-iso kernel: [    1.135977] system 00:06: [mem 0xfc000000-0xfcffffff] has been reserved
Jul 17 20:53:03 packer-parallels-iso kernel: [    1.135979] system 00:06: Plug and Play ACPI device, IDs PNP0c02 (active)
Jul 17 20:53:03 packer-parallels-iso kernel: [    1.135991] pnp 00:07: Plug and Play ACPI device, IDs PNP0c04 (active)
Jul 17 20:53:03 packer-parallels-iso kernel: [    1.136494] pnp 00:08: Plug and Play ACPI device, IDs INT0800 (active)
Jul 17 20:53:03 packer-parallels-iso kernel: [    1.136502] pnp 00:09: Plug and Play ACPI device, IDs PNP0103 (active)
Jul 17 20:53:03 packer-parallels-iso kernel: [    1.155460] pnp: PnP ACPI: found 10 devices
Jul 17 20:53:03 packer-parallels-iso kernel: [    1.155464] ACPI: bus type PNP unregistered
Jul 17 20:53:03 packer-parallels-iso kernel: [    1.168620] pci 0000:00:1f.0: BAR 13: [io  0x4000-0x407f] has bogus alignment
Jul 17 20:53:03 packer-parallels-iso kernel: [    1.168624] pci 0000:00:01.0: PCI bridge to [bus 01]
Jul 17 20:53:03 packer-parallels-iso kernel: [    1.168628] pci 0000:00:01.0:   bridge window [io  0x6000-0x7fff]
Jul 17 20:53:03 packer-parallels-iso kernel: [    1.168632] pci 0000:00:01.0:   bridge window [mem 0xe2000000-0xedffffff]
Jul 17 20:53:03 packer-parallels-iso kernel: [    1.168636] pci 0000:00:01.0:   bridge window [mem 0xb0000000-0xdfffffff 64bit pref]
Jul 17 20:53:03 packer-parallels-iso kernel: [    1.168640] pci 0000:00:0a.0: PCI bridge to [bus 02]
Jul 17 20:53:03 packer-parallels-iso kernel: [    1.168644] pci 0000:00:0a.0:   bridge window [io  0x9000-0xafff]
Jul 17 20:53:03 packer-parallels-iso kernel: [    1.168648] pci 0000:00:0a.0:   bridge window [mem 0xee100000-0xef0fffff]
Jul 17 20:53:03 packer-parallels-iso kernel: [    1.168652] pci 0000:00:0a.0:   bridge window [mem 0xe0000000-0xe0ffffff pref]
Jul 17 20:53:03 packer-parallels-iso kernel: [    1.168656] pci 0000:00:1e.0: PCI bridge to [bus 03]
Jul 17 20:53:03 packer-parallels-iso kernel: [    1.168659] pci 0000:00:1e.0:   bridge window [io  0xc000-0xdfff]
Jul 17 20:53:03 packer-parallels-iso kernel: [    1.168663] pci 0000:00:1e.0:   bridge window [mem 0xef200000-0xf01fffff]
Jul 17 20:53:03 packer-parallels-iso kernel: [    1.168667] pci_bus 0000:00: resource 4 [io  0x0000-0xffff]
Jul 17 20:53:03 packer-parallels-iso kernel: [    1.168670] pci_bus 0000:00: resource 5 [mem 0x00000000-0xfffffffff]
Jul 17 20:53:03 packer-parallels-iso kernel: [    1.168672] pci_bus 0000:01: resource 0 [io  0x6000-0x7fff]
Jul 17 20:53:03 packer-parallels-iso kernel: [    1.168674] pci_bus 0000:01: resource 1 [mem 0xe2000000-0xedffffff]
Jul 17 20:53:03 packer-parallels-iso kernel: [    1.168676] pci_bus 0000:01: resource 2 [mem 0xb0000000-0xdfffffff 64bit pref]
Jul 17 20:53:03 packer-parallels-iso kernel: [    1.168678] pci_bus 0000:01: resource 4 [io  0x0000-0xffff]
Jul 17 20:53:03 packer-parallels-iso kernel: [    1.168680] pci_bus 0000:01: resource 5 [mem 0x00000000-0xfffffffff]
Jul 17 20:53:03 packer-parallels-iso kernel: [    1.168682] pci_bus 0000:02: resource 0 [io  0x9000-0xafff]
Jul 17 20:53:03 packer-parallels-iso kernel: [    1.168684] pci_bus 0000:02: resource 1 [mem 0xee100000-0xef0fffff]
Jul 17 20:53:03 packer-parallels-iso kernel: [    1.168687] pci_bus 0000:02: resource 2 [mem 0xe0000000-0xe0ffffff pref]
Jul 17 20:53:03 packer-parallels-iso kernel: [    1.168690] pci_bus 0000:03: resource 0 [io  0xc000-0xdfff]
Jul 17 20:53:03 packer-parallels-iso kernel: [    1.168691] pci_bus 0000:03: resource 1 [mem 0xef200000-0xf01fffff]
Jul 17 20:53:03 packer-parallels-iso kernel: [    1.168693] pci_bus 0000:03: resource 4 [io  0x0000-0xffff]
Jul 17 20:53:03 packer-parallels-iso kernel: [    1.168695] pci_bus 0000:03: resource 5 [mem 0x00000000-0xfffffffff]
Jul 17 20:53:03 packer-parallels-iso kernel: [    1.168777] NET: Registered protocol family 2
Jul 17 20:53:03 packer-parallels-iso kernel: [    1.169466] TCP established hash table entries: 8192 (order: 4, 65536 bytes)
Jul 17 20:53:03 packer-parallels-iso kernel: [    1.169533] TCP bind hash table entries: 8192 (order: 5, 131072 bytes)
Jul 17 20:53:03 packer-parallels-iso kernel: [    1.170135] TCP: Hash tables configured (established 8192 bind 8192)
Jul 17 20:53:03 packer-parallels-iso kernel: [    1.170926] TCP: reno registered
Jul 17 20:53:03 packer-parallels-iso kernel: [    1.171170] UDP hash table entries: 512 (order: 2, 16384 bytes)
Jul 17 20:53:03 packer-parallels-iso kernel: [    1.171197] UDP-Lite hash table entries: 512 (order: 2, 16384 bytes)
Jul 17 20:53:03 packer-parallels-iso kernel: [    1.171533] NET: Registered protocol family 1
Jul 17 20:53:03 packer-parallels-iso kernel: [    1.171819] pci 0000:00:1d.0: HCRESET not completed yet!
Jul 17 20:53:03 packer-parallels-iso kernel: [    1.172188] pci 0000:01:00.0: Boot video device
Jul 17 20:53:03 packer-parallels-iso kernel: [    1.172306] PCI: CLS 0 bytes, default 64
Jul 17 20:53:03 packer-parallels-iso kernel: [    1.172439] Trying to unpack rootfs image as initramfs...
Jul 17 20:53:03 packer-parallels-iso kernel: [    1.708617] Freeing initrd memory: 19500K (ffff88002e16f000 - ffff88002f47a000)
Jul 17 20:53:03 packer-parallels-iso kernel: [    1.710880] microcode: CPU0 sig=0x306a9, pf=0x1, revision=0x0
Jul 17 20:53:03 packer-parallels-iso kernel: [    1.710940] microcode: CPU1 sig=0x306a9, pf=0x1, revision=0x0
Jul 17 20:53:03 packer-parallels-iso kernel: [    1.711076] microcode: Microcode Update Driver: v2.00 <tigran@aivazian.fsnet.co.uk>, Peter Oruba
Jul 17 20:53:03 packer-parallels-iso kernel: [    1.711104] Scanning for low memory corruption every 60 seconds
Jul 17 20:53:03 packer-parallels-iso kernel: [    1.712224] Initialise system trusted keyring
Jul 17 20:53:03 packer-parallels-iso kernel: [    1.712233] audit: initializing netlink socket (disabled)
Jul 17 20:53:03 packer-parallels-iso kernel: [    1.712273] type=2000 audit(1405630380.948:1): initialized
Jul 17 20:53:03 packer-parallels-iso kernel: [    1.731444] HugeTLB registered 2 MB page size, pre-allocated 0 pages
Jul 17 20:53:03 packer-parallels-iso kernel: [    1.734308] VFS: Disk quotas dquot_6.5.2
Jul 17 20:53:03 packer-parallels-iso kernel: [    1.734416] Dquot-cache hash table entries: 512 (order 0, 4096 bytes)
Jul 17 20:53:03 packer-parallels-iso kernel: [    1.736014] fuse init (API version 7.22)
Jul 17 20:53:03 packer-parallels-iso kernel: [    1.736250] msgmni has been set to 1471
Jul 17 20:53:03 packer-parallels-iso kernel: [    1.736459] Key type big_key registered
Jul 17 20:53:03 packer-parallels-iso kernel: [    1.737793] Key type asymmetric registered
Jul 17 20:53:03 packer-parallels-iso kernel: [    1.737799] Asymmetric key parser 'x509' registered
Jul 17 20:53:03 packer-parallels-iso kernel: [    1.737841] Block layer SCSI generic (bsg) driver version 0.4 loaded (major 252)
Jul 17 20:53:03 packer-parallels-iso kernel: [    1.737948] io scheduler noop registered
Jul 17 20:53:03 packer-parallels-iso kernel: [    1.737950] io scheduler deadline registered (default)
Jul 17 20:53:03 packer-parallels-iso kernel: [    1.737968] io scheduler cfq registered
Jul 17 20:53:03 packer-parallels-iso kernel: [    1.738020] pci_hotplug: PCI Hot Plug PCI Core version: 0.5
Jul 17 20:53:03 packer-parallels-iso kernel: [    1.738055] pciehp: PCI Express Hot Plug Controller Driver version: 0.4
Jul 17 20:53:03 packer-parallels-iso kernel: [    1.738094] vesafb: mode is 800x600x32, linelength=3200, pages=0
Jul 17 20:53:03 packer-parallels-iso kernel: [    1.738096] vesafb: scrolling: redraw
Jul 17 20:53:03 packer-parallels-iso kernel: [    1.738098] vesafb: Truecolor: size=8:8:8:8, shift=24:16:8:0
Jul 17 20:53:03 packer-parallels-iso kernel: [    1.738102] vesafb: framebuffer at 0xb0000000, mapped to 0xffffc90001280000, using 1920k, total 1920k
Jul 17 20:53:03 packer-parallels-iso kernel: [    1.747244] Console: switching to colour frame buffer device 100x37
Jul 17 20:53:03 packer-parallels-iso kernel: [    1.748246] fb0: VESA VGA frame buffer device
Jul 17 20:53:03 packer-parallels-iso kernel: [    1.748366] intel_idle: does not run on family 6 model 58
Jul 17 20:53:03 packer-parallels-iso kernel: [    1.748377] ipmi message handler version 39.2
Jul 17 20:53:03 packer-parallels-iso kernel: [    1.749882] ACPI: AC Adapter [ADP0] (on-line)
Jul 17 20:53:03 packer-parallels-iso kernel: [    1.751100] input: Power Button as /devices/LNXSYSTM:00/LNXPWRBN:00/input/input0
Jul 17 20:53:03 packer-parallels-iso kernel: [    1.751104] ACPI: Power Button [PWRF]
Jul 17 20:53:03 packer-parallels-iso kernel: [    1.751123] input: Sleep Button as /devices/LNXSYSTM:00/LNXSLPBN:00/input/input1
Jul 17 20:53:03 packer-parallels-iso kernel: [    1.751126] ACPI: Sleep Button [SLPF]
Jul 17 20:53:03 packer-parallels-iso kernel: [    1.751205] GHES: HEST is not enabled!
Jul 17 20:53:03 packer-parallels-iso kernel: [    1.751307] virtio-pci 0000:00:05.0: enabling device (0000 -> 0003)
Jul 17 20:53:03 packer-parallels-iso kernel: [    1.751567] virtio-pci 0000:00:0e.0: enabling device (0000 -> 0001)
Jul 17 20:53:03 packer-parallels-iso kernel: [    1.755131] Serial: 8250/16550 driver, 32 ports, IRQ sharing enabled
Jul 17 20:53:03 packer-parallels-iso kernel: [    1.756253] Linux agpgart interface v0.103
Jul 17 20:53:03 packer-parallels-iso kernel: [    1.757446] brd: module loaded
Jul 17 20:53:03 packer-parallels-iso kernel: [    1.757910] loop: module loaded
Jul 17 20:53:03 packer-parallels-iso kernel: [    1.757993] ata_piix 0000:00:1f.1: version 2.13
Jul 17 20:53:03 packer-parallels-iso kernel: [    1.758428] scsi0 : ata_piix
Jul 17 20:53:03 packer-parallels-iso kernel: [    1.758619] scsi1 : ata_piix
Jul 17 20:53:03 packer-parallels-iso kernel: [    1.758627] ata1: PATA max UDMA/100 cmd 0x1f0 ctl 0x3f6 bmdma 0xe000 irq 14
Jul 17 20:53:03 packer-parallels-iso kernel: [    1.758629] ata2: PATA max UDMA/100 cmd 0x170 ctl 0x376 bmdma 0xe008 irq 15
Jul 17 20:53:03 packer-parallels-iso kernel: [    1.758831] libphy: Fixed MDIO Bus: probed
Jul 17 20:53:03 packer-parallels-iso kernel: [    1.758885] tun: Universal TUN/TAP device driver, 1.6
Jul 17 20:53:03 packer-parallels-iso kernel: [    1.758887] tun: (C) 1999-2004 Max Krasnyansky <maxk@qualcomm.com>
Jul 17 20:53:03 packer-parallels-iso kernel: [    1.759050] virtio-pci 0000:00:05.0: irq 40 for MSI/MSI-X
Jul 17 20:53:03 packer-parallels-iso kernel: [    1.759109] virtio-pci 0000:00:05.0: irq 41 for MSI/MSI-X
Jul 17 20:53:03 packer-parallels-iso kernel: [    1.759120] virtio-pci 0000:00:05.0: irq 42 for MSI/MSI-X
Jul 17 20:53:03 packer-parallels-iso kernel: [    1.759465] PPP generic driver version 2.4.2
Jul 17 20:53:03 packer-parallels-iso kernel: [    1.759627] ehci_hcd: USB 2.0 'Enhanced' Host Controller (EHCI) Driver
Jul 17 20:53:03 packer-parallels-iso kernel: [    1.759631] ehci-pci: EHCI PCI platform driver
Jul 17 20:53:03 packer-parallels-iso kernel: [    1.759733] ehci-pci 0000:00:1d.7: EHCI Host Controller
Jul 17 20:53:03 packer-parallels-iso kernel: [    1.759754] ehci-pci 0000:00:1d.7: new USB bus registered, assigned bus number 1
Jul 17 20:53:03 packer-parallels-iso kernel: [    1.759810] ehci-pci 0000:00:1d.7: Enabling legacy PCI PM
Jul 17 20:53:03 packer-parallels-iso kernel: [    1.759818] ehci-pci 0000:00:1d.7: cache line size of 64 is not supported
Jul 17 20:53:03 packer-parallels-iso kernel: [    1.759822] ehci-pci 0000:00:1d.7: irq 19, io mem 0xef140000
Jul 17 20:53:03 packer-parallels-iso kernel: [    1.765158] ACPI: Battery Slot [BAT0] (battery present)
Jul 17 20:53:03 packer-parallels-iso kernel: [    1.770936] ehci-pci 0000:00:1d.7: USB 2.0 started, EHCI 1.00
Jul 17 20:53:03 packer-parallels-iso kernel: [    1.772111] usb usb1: New USB device found, idVendor=1d6b, idProduct=0002
Jul 17 20:53:03 packer-parallels-iso kernel: [    1.772115] usb usb1: New USB device strings: Mfr=3, Product=2, SerialNumber=1
Jul 17 20:53:03 packer-parallels-iso kernel: [    1.772117] usb usb1: Product: EHCI Host Controller
Jul 17 20:53:03 packer-parallels-iso kernel: [    1.772120] usb usb1: Manufacturer: Linux 3.13.0-24-generic ehci_hcd
Jul 17 20:53:03 packer-parallels-iso kernel: [    1.772121] usb usb1: SerialNumber: 0000:00:1d.7
Jul 17 20:53:03 packer-parallels-iso kernel: [    1.772309] hub 1-0:1.0: USB hub found
Jul 17 20:53:03 packer-parallels-iso kernel: [    1.772359] hub 1-0:1.0: 15 ports detected
Jul 17 20:53:03 packer-parallels-iso kernel: [    1.773024] ehci-platform: EHCI generic platform driver
Jul 17 20:53:03 packer-parallels-iso kernel: [    1.773028] ohci_hcd: USB 1.1 'Open' Host Controller (OHCI) Driver
Jul 17 20:53:03 packer-parallels-iso kernel: [    1.773030] ohci-pci: OHCI PCI platform driver
Jul 17 20:53:03 packer-parallels-iso kernel: [    1.773063] ohci-platform: OHCI generic platform driver
Jul 17 20:53:03 packer-parallels-iso kernel: [    1.773067] uhci_hcd: USB Universal Host Controller Interface driver
Jul 17 20:53:03 packer-parallels-iso kernel: [    1.773071] uhci_hcd 0000:00:1d.0: UHCI Host Controller
Jul 17 20:53:03 packer-parallels-iso kernel: [    1.773075] uhci_hcd 0000:00:1d.0: new USB bus registered, assigned bus number 2
Jul 17 20:53:03 packer-parallels-iso kernel: [    1.773256] uhci_hcd 0000:00:1d.0: HCRESET not completed yet!
Jul 17 20:53:03 packer-parallels-iso kernel: [    1.773260] uhci_hcd 0000:00:1d.0: irq 18, io base 0x0000b200
Jul 17 20:53:03 packer-parallels-iso kernel: [    1.773479] usb usb2: New USB device found, idVendor=1d6b, idProduct=0001
Jul 17 20:53:03 packer-parallels-iso kernel: [    1.773482] usb usb2: New USB device strings: Mfr=3, Product=2, SerialNumber=1
Jul 17 20:53:03 packer-parallels-iso kernel: [    1.773485] usb usb2: Product: UHCI Host Controller
Jul 17 20:53:03 packer-parallels-iso kernel: [    1.773487] usb usb2: Manufacturer: Linux 3.13.0-24-generic uhci_hcd
Jul 17 20:53:03 packer-parallels-iso kernel: [    1.773488] usb usb2: SerialNumber: 0000:00:1d.0
Jul 17 20:53:03 packer-parallels-iso kernel: [    1.773591] hub 2-0:1.0: USB hub found
Jul 17 20:53:03 packer-parallels-iso kernel: [    1.773606] hub 2-0:1.0: 2 ports detected
Jul 17 20:53:03 packer-parallels-iso kernel: [    1.773729] xhci_hcd 0000:00:1d.6: xHCI Host Controller
Jul 17 20:53:03 packer-parallels-iso kernel: [    1.773733] xhci_hcd 0000:00:1d.6: new USB bus registered, assigned bus number 3
Jul 17 20:53:03 packer-parallels-iso kernel: [    1.773841] xhci_hcd 0000:00:1d.6: cache line size of 64 is not supported
Jul 17 20:53:03 packer-parallels-iso kernel: [    1.774046] xhci_hcd 0000:00:1d.6: irq 43 for MSI/MSI-X
Jul 17 20:53:03 packer-parallels-iso kernel: [    1.774149] usb usb3: New USB device found, idVendor=1d6b, idProduct=0002
Jul 17 20:53:03 packer-parallels-iso kernel: [    1.774153] usb usb3: New USB device strings: Mfr=3, Product=2, SerialNumber=1
Jul 17 20:53:03 packer-parallels-iso kernel: [    1.774155] usb usb3: Product: xHCI Host Controller
Jul 17 20:53:03 packer-parallels-iso kernel: [    1.774157] usb usb3: Manufacturer: Linux 3.13.0-24-generic xhci_hcd
Jul 17 20:53:03 packer-parallels-iso kernel: [    1.774159] usb usb3: SerialNumber: 0000:00:1d.6
Jul 17 20:53:03 packer-parallels-iso kernel: [    1.774321] hub 3-0:1.0: USB hub found
Jul 17 20:53:03 packer-parallels-iso kernel: [    1.774349] hub 3-0:1.0: 2 ports detected
Jul 17 20:53:03 packer-parallels-iso kernel: [    1.774405] xhci_hcd 0000:00:1d.6: xHCI Host Controller
Jul 17 20:53:03 packer-parallels-iso kernel: [    1.774410] xhci_hcd 0000:00:1d.6: new USB bus registered, assigned bus number 4
Jul 17 20:53:03 packer-parallels-iso kernel: [    1.774619] usb usb4: New USB device found, idVendor=1d6b, idProduct=0003
Jul 17 20:53:03 packer-parallels-iso kernel: [    1.774622] usb usb4: New USB device strings: Mfr=3, Product=2, SerialNumber=1
Jul 17 20:53:03 packer-parallels-iso kernel: [    1.774624] usb usb4: Product: xHCI Host Controller
Jul 17 20:53:03 packer-parallels-iso kernel: [    1.774625] usb usb4: Manufacturer: Linux 3.13.0-24-generic xhci_hcd
Jul 17 20:53:03 packer-parallels-iso kernel: [    1.774627] usb usb4: SerialNumber: 0000:00:1d.6
Jul 17 20:53:03 packer-parallels-iso kernel: [    1.774703] hub 4-0:1.0: USB hub found
Jul 17 20:53:03 packer-parallels-iso kernel: [    1.774718] hub 4-0:1.0: 12 ports detected
Jul 17 20:53:03 packer-parallels-iso kernel: [    1.775101] i8042: PNP: PS/2 Controller [PNP0303:KBC,PNP0f03:PS2M] at 0x60,0x64 irq 1,12
Jul 17 20:53:03 packer-parallels-iso kernel: [    1.775389] serio: i8042 KBD port at 0x60,0x64 irq 1
Jul 17 20:53:03 packer-parallels-iso kernel: [    1.775396] serio: i8042 AUX port at 0x60,0x64 irq 12
Jul 17 20:53:03 packer-parallels-iso kernel: [    1.775501] mousedev: PS/2 mouse device common for all mice
Jul 17 20:53:03 packer-parallels-iso kernel: [    1.775914] input: AT Translated Set 2 keyboard as /devices/platform/i8042/serio0/input/input2
Jul 17 20:53:03 packer-parallels-iso kernel: [    1.776434] rtc_cmos 00:02: rtc core: registered rtc_cmos as rtc0
Jul 17 20:53:03 packer-parallels-iso kernel: [    1.776454] rtc_cmos 00:02: alarms up to one day, y3k, 242 bytes nvram, hpet irqs
Jul 17 20:53:03 packer-parallels-iso kernel: [    1.776533] device-mapper: uevent: version 1.0.3
Jul 17 20:53:03 packer-parallels-iso kernel: [    1.776580] device-mapper: ioctl: 4.27.0-ioctl (2013-10-30) initialised: dm-devel@redhat.com
Jul 17 20:53:03 packer-parallels-iso kernel: [    1.776584] ledtrig-cpu: registered to indicate activity on CPUs
Jul 17 20:53:03 packer-parallels-iso kernel: [    1.776700] TCP: cubic registered
Jul 17 20:53:03 packer-parallels-iso kernel: [    1.776773] NET: Registered protocol family 10
Jul 17 20:53:03 packer-parallels-iso kernel: [    1.776940] NET: Registered protocol family 17
Jul 17 20:53:03 packer-parallels-iso kernel: [    1.776998] Key type dns_resolver registered
Jul 17 20:53:03 packer-parallels-iso kernel: [    1.777204] Loading compiled-in X.509 certificates
Jul 17 20:53:03 packer-parallels-iso kernel: [    1.777379] Loaded X.509 cert 'Magrathea: Glacier signing key: 00a5a65759de474bc5c43120880c1b94a539f431'
Jul 17 20:53:03 packer-parallels-iso kernel: [    1.777813] registered taskstats version 1
Jul 17 20:53:03 packer-parallels-iso kernel: [    1.783797] Key type trusted registered
Jul 17 20:53:03 packer-parallels-iso kernel: [    1.785996] Key type encrypted registered
Jul 17 20:53:03 packer-parallels-iso kernel: [    1.788966] AppArmor: AppArmor sha1 policy hashing enabled
Jul 17 20:53:03 packer-parallels-iso kernel: [    1.788970] IMA: No TPM chip found, activating TPM-bypass!
Jul 17 20:53:03 packer-parallels-iso kernel: [    1.789265] regulator-dummy: disabling
Jul 17 20:53:03 packer-parallels-iso kernel: [    1.789362]   Magic number: 6:744:902
Jul 17 20:53:03 packer-parallels-iso kernel: [    1.789547] rtc_cmos 00:02: setting system clock to 2014-07-17 20:53:00 UTC (1405630380)
Jul 17 20:53:03 packer-parallels-iso kernel: [    1.789636] BIOS EDD facility v0.16 2004-Jun-25, 0 devices found
Jul 17 20:53:03 packer-parallels-iso kernel: [    1.789638] EDD information not available.
Jul 17 20:53:03 packer-parallels-iso kernel: [    1.789659] PM: Hibernation image not present or could not be loaded.
Jul 17 20:53:03 packer-parallels-iso kernel: [    1.916460] Freeing unused kernel memory: 1332K (ffffffff81d1e000 - ffffffff81e6b000)
Jul 17 20:53:03 packer-parallels-iso kernel: [    1.916467] Write protecting the kernel read-only data: 12288k
Jul 17 20:53:03 packer-parallels-iso kernel: [    1.918740] Freeing unused kernel memory: 844K (ffff88000172d000 - ffff880001800000)
Jul 17 20:53:03 packer-parallels-iso kernel: [    1.920589] Freeing unused kernel memory: 708K (ffff880001b4f000 - ffff880001c00000)
Jul 17 20:53:03 packer-parallels-iso kernel: [    1.964902] ahci 0000:00:1f.2: version 3.0
Jul 17 20:53:03 packer-parallels-iso kernel: [    1.965062] ahci 0000:00:1f.2: irq 44 for MSI/MSI-X
Jul 17 20:53:03 packer-parallels-iso kernel: [    1.965119] ahci 0000:00:1f.2: SSS flag set, parallel bus scan disabled
Jul 17 20:53:03 packer-parallels-iso kernel: [    1.965164] ahci 0000:00:1f.2: AHCI 0001.0100 32 slots 6 ports 3 Gbps 0x3f impl SATA mode
Jul 17 20:53:03 packer-parallels-iso kernel: [    1.965167] ahci 0000:00:1f.2: flags: 64bit ncq stag pm led only slum part 
Jul 17 20:53:03 packer-parallels-iso kernel: [    1.967347] scsi2 : ahci
Jul 17 20:53:03 packer-parallels-iso kernel: [    1.967392] scsi3 : ahci
Jul 17 20:53:03 packer-parallels-iso kernel: [    1.967427] scsi4 : ahci
Jul 17 20:53:03 packer-parallels-iso kernel: [    1.967462] scsi5 : ahci
Jul 17 20:53:03 packer-parallels-iso kernel: [    1.967491] scsi6 : ahci
Jul 17 20:53:03 packer-parallels-iso kernel: [    1.967521] scsi7 : ahci
Jul 17 20:53:03 packer-parallels-iso kernel: [    1.967541] ata3: SATA max UDMA/133 abar m8192@0xf0200000 port 0xf0200100 irq 44
Jul 17 20:53:03 packer-parallels-iso kernel: [    1.967542] ata4: SATA max UDMA/133 abar m8192@0xf0200000 port 0xf0200180 irq 44
Jul 17 20:53:03 packer-parallels-iso kernel: [    1.967543] ata5: SATA max UDMA/133 abar m8192@0xf0200000 port 0xf0200200 irq 44
Jul 17 20:53:03 packer-parallels-iso kernel: [    1.967544] ata6: SATA max UDMA/133 abar m8192@0xf0200000 port 0xf0200280 irq 44
Jul 17 20:53:03 packer-parallels-iso kernel: [    1.967545] ata7: SATA max UDMA/133 abar m8192@0xf0200000 port 0xf0200300 irq 44
Jul 17 20:53:03 packer-parallels-iso kernel: [    1.967546] ata8: SATA max UDMA/133 abar m8192@0xf0200000 port 0xf0200380 irq 44
Jul 17 20:53:03 packer-parallels-iso kernel: [    2.287177] ata3: SATA link up 1.5 Gbps (SStatus 113 SControl 300)
Jul 17 20:53:03 packer-parallels-iso kernel: [    2.287440] ata3.00: ATA-8: harddisk SSD, F.NTPJ28, max UDMA/100
Jul 17 20:53:03 packer-parallels-iso kernel: [    2.287445] ata3.00: 41943040 sectors, multi 0: LBA48 NCQ (depth 31/32)
Jul 17 20:53:03 packer-parallels-iso kernel: [    2.287612] ata3.00: configured for UDMA/100
Jul 17 20:53:03 packer-parallels-iso kernel: [    2.287959] scsi 2:0:0:0: Direct-Access     ATA      harddisk SSD     F.NT PQ: 0 ANSI: 5
Jul 17 20:53:03 packer-parallels-iso kernel: [    2.288192] sd 2:0:0:0: Attached scsi generic sg0 type 0
Jul 17 20:53:03 packer-parallels-iso kernel: [    2.288266] sd 2:0:0:0: [sda] 41943040 512-byte logical blocks: (21.4 GB/20.0 GiB)
Jul 17 20:53:03 packer-parallels-iso kernel: [    2.288269] sd 2:0:0:0: [sda] 4096-byte physical blocks
Jul 17 20:53:03 packer-parallels-iso kernel: [    2.288339] sd 2:0:0:0: [sda] Write Protect is off
Jul 17 20:53:03 packer-parallels-iso kernel: [    2.288341] sd 2:0:0:0: [sda] Mode Sense: 00 3a 00 00
Jul 17 20:53:03 packer-parallels-iso kernel: [    2.288362] sd 2:0:0:0: [sda] Write cache: enabled, read cache: enabled, doesn't support DPO or FUA
Jul 17 20:53:03 packer-parallels-iso kernel: [    2.289399]  sda: sda1 sda2 < sda5 >
Jul 17 20:53:03 packer-parallels-iso kernel: [    2.290270] sd 2:0:0:0: [sda] Attached SCSI disk
Jul 17 20:53:03 packer-parallels-iso kernel: [    2.612228] ata4: SATA link up 1.5 Gbps (SStatus 113 SControl 300)
Jul 17 20:53:03 packer-parallels-iso kernel: [    2.612450] ata4.00: ATAPI: Virtual DVD-ROM [1], FWR1, max UDMA/25
Jul 17 20:53:03 packer-parallels-iso kernel: [    2.612710] ata4.00: configured for UDMA/25
Jul 17 20:53:03 packer-parallels-iso kernel: [    2.613176] scsi 3:0:0:0: CD-ROM                     Virtual DVD-ROM  R103 PQ: 0 ANSI: 5
Jul 17 20:53:03 packer-parallels-iso kernel: [    2.613680] sr0: scsi3-mmc drive: 44x/44x cd/rw xa/form2 cdda tray
Jul 17 20:53:03 packer-parallels-iso kernel: [    2.613688] cdrom: Uniform CD-ROM driver Revision: 3.20
Jul 17 20:53:03 packer-parallels-iso kernel: [    2.613992] sr 3:0:0:0: Attached scsi CD-ROM sr0
Jul 17 20:53:03 packer-parallels-iso kernel: [    2.614054] sr 3:0:0:0: Attached scsi generic sg1 type 5
Jul 17 20:53:03 packer-parallels-iso kernel: [    2.707217] tsc: Refined TSC clocksource calibration: 2695.368 MHz
Jul 17 20:53:03 packer-parallels-iso kernel: [    2.935087] ata5: SATA link down (SStatus 0 SControl 300)
Jul 17 20:53:03 packer-parallels-iso kernel: [    3.255999] ata6: SATA link down (SStatus 0 SControl 300)
Jul 17 20:53:03 packer-parallels-iso kernel: [    3.575141] ata7: SATA link down (SStatus 0 SControl 300)
Jul 17 20:53:03 packer-parallels-iso kernel: [    3.895965] ata8: SATA link down (SStatus 0 SControl 300)
Jul 17 20:53:03 packer-parallels-iso kernel: [    3.926242] random: lvm urandom read with 47 bits of entropy available
Jul 17 20:53:03 packer-parallels-iso kernel: [    3.951361] bio: create slab <bio-1> at 1
Jul 17 20:53:03 packer-parallels-iso kernel: [    3.985502] EXT4-fs (dm-0): mounted filesystem with ordered data mode. Opts: (null)
Jul 17 20:53:03 packer-parallels-iso kernel: [    4.195932] Adding 786428k swap on /dev/mapper/packer--parallels--iso--vg-swap_1.  Priority:-1 extents:1 across:786428k SSFS
Jul 17 20:53:03 packer-parallels-iso kernel: [    4.207636] IPv6: ADDRCONF(NETDEV_UP): eth0: link is not ready
Jul 17 20:53:03 packer-parallels-iso kernel: [    4.238043] EXT4-fs (dm-0): re-mounted. Opts: errors=remount-ro
Jul 17 20:53:03 packer-parallels-iso kernel: [    4.312170] lp: driver loaded but no devices found
Jul 17 20:53:03 packer-parallels-iso kernel: [    4.368547] shpchp: Standard Hot Plug PCI Controller Driver version: 0.4
Jul 17 20:53:03 packer-parallels-iso kernel: [    4.379889] EXT4-fs (sda1): mounting ext2 file system using the ext4 subsystem
Jul 17 20:53:03 packer-parallels-iso kernel: [    4.383684] EXT4-fs (sda1): mounted filesystem without journal. Opts: (null)
Jul 17 20:53:03 packer-parallels-iso kernel: [    4.431490] lpc_ich 0000:00:1f.0: RCBA is disabled by hardware/BIOS, device disabled
Jul 17 20:53:03 packer-parallels-iso kernel: [    4.431497] ACPI Warning: 0x0000000000004028-0x000000000000402f SystemIO conflicts with Region \PMIO 1 (20131115/utaddress-251)
Jul 17 20:53:03 packer-parallels-iso kernel: [    4.431501] ACPI: If an ACPI driver is available for this device, you should use it instead of the native driver
Jul 17 20:53:03 packer-parallels-iso kernel: [    4.431504] lpc_ich 0000:00:1f.0: I/O space for GPIO uninitialized
Jul 17 20:53:03 packer-parallels-iso kernel: [    4.431505] lpc_ich: Resource conflict(s) found affecting gpio_ich
Jul 17 20:53:03 packer-parallels-iso kernel: [    4.431506] lpc_ich 0000:00:1f.0: No MFD cells added
Jul 17 20:53:03 packer-parallels-iso rsyslogd-2039: Could no open output pipe '/dev/xconsole': No such file or directory [try http://www.rsyslog.com/e/2039 ]
Jul 17 20:53:03 packer-parallels-iso kernel: [    4.916308] intel_rapl: domain package energy ctr 0:0 not working, skip
Jul 17 20:53:03 packer-parallels-iso kernel: [    4.997810] type=1400 audit(1405630383.704:2): apparmor="STATUS" operation="profile_load" profile="unconfined" name="/sbin/dhclient" pid=496 comm="apparmor_parser"
Jul 17 20:53:03 packer-parallels-iso kernel: [    4.997931] type=1400 audit(1405630383.704:3): apparmor="STATUS" operation="profile_load" profile="unconfined" name="/usr/lib/NetworkManager/nm-dhcp-client.action" pid=496 comm="apparmor_parser"
Jul 17 20:53:03 packer-parallels-iso kernel: [    4.998017] type=1400 audit(1405630383.704:4): apparmor="STATUS" operation="profile_load" profile="unconfined" name="/usr/lib/connman/scripts/dhclient-script" pid=496 comm="apparmor_parser"
Jul 17 20:53:03 packer-parallels-iso kernel: [    5.098946] intel_rapl: domain core energy ctr 0:0 not working, skip
Jul 17 20:53:03 packer-parallels-iso kernel: [    5.134821] type=1400 audit(1405630383.840:5): apparmor="STATUS" operation="profile_load" profile="unconfined" name="/usr/sbin/ntpd" pid=564 comm="apparmor_parser"
Jul 17 20:53:03 packer-parallels-iso dhclient: Internet Systems Consortium DHCP Client 4.2.4
Jul 17 20:53:03 packer-parallels-iso dhclient: Copyright 2004-2012 Internet Systems Consortium.
Jul 17 20:53:03 packer-parallels-iso dhclient: All rights reserved.
Jul 17 20:53:03 packer-parallels-iso dhclient: For info, please visit https://www.isc.org/software/dhcp/
Jul 17 20:53:03 packer-parallels-iso dhclient: 
Jul 17 20:53:03 packer-parallels-iso dhclient: Listening on LPF/eth0/00:1c:42:a4:2c:d6
Jul 17 20:53:03 packer-parallels-iso dhclient: Sending on   LPF/eth0/00:1c:42:a4:2c:d6
Jul 17 20:53:03 packer-parallels-iso dhclient: Sending on   Socket/fallback
Jul 17 20:53:03 packer-parallels-iso dhclient: DHCPDISCOVER on eth0 to 255.255.255.255 port 67 interval 3 (xid=0x1675411a)
Jul 17 20:53:03 packer-parallels-iso dhclient: DHCPREQUEST of 10.211.55.27 on eth0 to 255.255.255.255 port 67 (xid=0x1675411a)
Jul 17 20:53:03 packer-parallels-iso dhclient: DHCPOFFER of 10.211.55.27 from 10.211.55.1
Jul 17 20:53:03 packer-parallels-iso dhclient: DHCPACK of 10.211.55.27 from 10.211.55.1
Jul 17 20:53:03 packer-parallels-iso kernel: [    5.206932] intel_rapl: domain uncore energy ctr 0:0 not working, skip
Jul 17 20:53:03 packer-parallels-iso kernel: [    5.223477] type=1400 audit(1405630383.932:6): apparmor="STATUS" operation="profile_replace" profile="unconfined" name="/sbin/dhclient" pid=542 comm="apparmor_parser"
Jul 17 20:53:03 packer-parallels-iso kernel: [    5.223593] type=1400 audit(1405630383.932:7): apparmor="STATUS" operation="profile_replace" profile="unconfined" name="/usr/lib/NetworkManager/nm-dhcp-client.action" pid=542 comm="apparmor_parser"
Jul 17 20:53:03 packer-parallels-iso kernel: [    5.223672] type=1400 audit(1405630383.932:8): apparmor="STATUS" operation="profile_replace" profile="unconfined" name="/usr/lib/connman/scripts/dhclient-script" pid=542 comm="apparmor_parser"
Jul 17 20:53:03 packer-parallels-iso kernel: [    5.227196] type=1400 audit(1405630383.936:9): apparmor="STATUS" operation="profile_replace" profile="unconfined" name="/usr/sbin/ntpd" pid=595 comm="apparmor_parser"
Jul 17 20:53:03 packer-parallels-iso failsafe: Failsafe of 120 seconds reached.
Jul 17 20:53:03 packer-parallels-iso kernel: [    5.268508] random: nonblocking pool is initialized
Jul 17 20:53:03 packer-parallels-iso dhclient: bound to 10.211.55.27 -- renewal in 806 seconds.
Jul 17 20:53:04 packer-parallels-iso kernel: [    5.314966] intel_rapl: domain dram energy ctr 0:0 not working, skip
Jul 17 20:53:04 packer-parallels-iso kernel: [    5.314969] intel_rapl: no valid rapl domains found in package 0
Jul 17 20:53:04 packer-parallels-iso kernel: [    5.438965] intel_rapl: domain package energy ctr 0:0 not working, skip
Jul 17 20:53:04 packer-parallels-iso kernel: [    5.528653] type=1400 audit(1405630384.236:10): apparmor="STATUS" operation="profile_replace" profile="unconfined" name="/usr/sbin/ntpd" pid=829 comm="apparmor_parser"
Jul 17 20:53:04 packer-parallels-iso kernel: [    5.546969] intel_rapl: domain core energy ctr 0:0 not working, skip
Jul 17 20:53:04 packer-parallels-iso kernel: [    5.635889] input: ImExPS/2 Generic Explorer Mouse as /devices/platform/i8042/serio1/input/input4
Jul 17 20:53:04 packer-parallels-iso kernel: [    5.654957] intel_rapl: domain uncore energy ctr 0:0 not working, skip
Jul 17 20:53:04 packer-parallels-iso kernel: [    5.762947] intel_rapl: domain dram energy ctr 0:0 not working, skip
Jul 17 20:53:04 packer-parallels-iso kernel: [    5.762950] intel_rapl: no valid rapl domains found in package 0
Jul 17 20:53:04 packer-parallels-iso cron[858]: (CRON) INFO (pidfile fd = 3)
Jul 17 20:53:04 packer-parallels-iso ntpd[908]: ntpd 4.2.6p5@1.2349-o Wed Oct  9 19:08:06 UTC 2013 (1)
Jul 17 20:53:04 packer-parallels-iso ntpd[914]: proto: precision = 0.120 usec
Jul 17 20:53:04 packer-parallels-iso ntpd[914]: ntp_io: estimated max descriptors: 1024, initial socket boundary: 16
Jul 17 20:53:04 packer-parallels-iso ntpd[914]: Listen and drop on 0 v4wildcard 0.0.0.0 UDP 123
Jul 17 20:53:04 packer-parallels-iso ntpd[914]: Listen and drop on 1 v6wildcard :: UDP 123
Jul 17 20:53:04 packer-parallels-iso ntpd[914]: Listen normally on 2 lo 127.0.0.1 UDP 123
Jul 17 20:53:04 packer-parallels-iso ntpd[914]: Listen normally on 3 eth0 10.211.55.27 UDP 123
Jul 17 20:53:04 packer-parallels-iso ntpd[914]: Listen normally on 4 lo ::1 UDP 123
Jul 17 20:53:04 packer-parallels-iso ntpd[914]: peers refreshed
Jul 17 20:53:04 packer-parallels-iso ntpd[914]: Listening on routing socket on fd #21 for interface updates
Jul 17 20:53:04 packer-parallels-iso cron[884]: (CRON) STARTUP (fork ok)
Jul 17 20:53:04 packer-parallels-iso cron[884]: (CRON) INFO (Running @reboot jobs)
Jul 17 20:53:04 packer-parallels-iso ntpdate[772]: the NTP socket is in use, exiting
Jul 17 20:53:08 packer-parallels-iso ntpd[914]: Listen normally on 5 eth0 fe80::21c:42ff:fea4:2cd6 UDP 123
Jul 17 20:53:08 packer-parallels-iso ntpd[914]: Listen normally on 6 eth0 fdb2:2c26:f4e4:0:21c:42ff:fea4:2cd6 UDP 123
Jul 17 20:53:08 packer-parallels-iso ntpd[914]: Listen normally on 7 eth0 fdb2:2c26:f4e4:0:6c4b:dced:d45c:3749 UDP 123
Jul 17 20:53:08 packer-parallels-iso ntpd[914]: peers refreshed
Jul 17 20:53:08 packer-parallels-iso ntpd[914]: new interface(s) found: waking up resolver
Jul 17 20:53:09 packer-parallels-iso ntpd[914]: ntpd exiting on signal 15
Jul 17 20:53:20 packer-parallels-iso ntpdate[1131]: step time server 67.18.187.111 offset 1.348474 sec
Jul 17 20:53:20 packer-parallels-iso ntpd[1170]: ntpd 4.2.6p5@1.2349-o Wed Oct  9 19:08:06 UTC 2013 (1)
Jul 17 20:53:20 packer-parallels-iso ntpd[1171]: proto: precision = 0.110 usec
Jul 17 20:53:20 packer-parallels-iso ntpd[1171]: ntp_io: estimated max descriptors: 1024, initial socket boundary: 16
Jul 17 20:53:20 packer-parallels-iso ntpd[1171]: Listen and drop on 0 v4wildcard 0.0.0.0 UDP 123
Jul 17 20:53:20 packer-parallels-iso ntpd[1171]: Listen and drop on 1 v6wildcard :: UDP 123
Jul 17 20:53:20 packer-parallels-iso ntpd[1171]: Listen normally on 2 lo 127.0.0.1 UDP 123
Jul 17 20:53:20 packer-parallels-iso ntpd[1171]: Listen normally on 3 eth0 10.211.55.27 UDP 123
Jul 17 20:53:20 packer-parallels-iso ntpd[1171]: Listen normally on 4 lo ::1 UDP 123
Jul 17 20:53:20 packer-parallels-iso ntpd[1171]: Listen normally on 5 eth0 fe80::21c:42ff:fea4:2cd6 UDP 123
Jul 17 20:53:20 packer-parallels-iso ntpd[1171]: Listen normally on 6 eth0 fdb2:2c26:f4e4:0:21c:42ff:fea4:2cd6 UDP 123
Jul 17 20:53:20 packer-parallels-iso ntpd[1171]: Listen normally on 7 eth0 fdb2:2c26:f4e4:0:6c4b:dced:d45c:3749 UDP 123
Jul 17 20:53:20 packer-parallels-iso ntpd[1171]: peers refreshed
Jul 17 20:53:20 packer-parallels-iso ntpd[1171]: Listening on routing socket on fd #24 for interface updates
Jul 17 20:53:20 packer-parallels-iso ntpd[1171]: ntpd exiting on signal 15
Jul 17 20:53:32 packer-parallels-iso ntpdate[1203]: adjust time server 98.143.24.55 offset 0.016918 sec
Jul 17 20:53:32 packer-parallels-iso ntpd[1234]: ntpd 4.2.6p5@1.2349-o Wed Oct  9 19:08:06 UTC 2013 (1)
Jul 17 20:53:32 packer-parallels-iso ntpd[1235]: proto: precision = 0.102 usec
Jul 17 20:53:32 packer-parallels-iso ntpd[1235]: ntp_io: estimated max descriptors: 1024, initial socket boundary: 16
Jul 17 20:53:32 packer-parallels-iso ntpd[1235]: Listen and drop on 0 v4wildcard 0.0.0.0 UDP 123
Jul 17 20:53:32 packer-parallels-iso ntpd[1235]: Listen and drop on 1 v6wildcard :: UDP 123
Jul 17 20:53:32 packer-parallels-iso ntpd[1235]: Listen normally on 2 lo 127.0.0.1 UDP 123
Jul 17 20:53:32 packer-parallels-iso ntpd[1235]: Listen normally on 3 eth0 10.211.55.27 UDP 123
Jul 17 20:53:32 packer-parallels-iso ntpd[1235]: Listen normally on 4 lo ::1 UDP 123
Jul 17 20:53:32 packer-parallels-iso ntpd[1235]: Listen normally on 5 eth0 fe80::21c:42ff:fea4:2cd6 UDP 123
Jul 17 20:53:32 packer-parallels-iso ntpd[1235]: Listen normally on 6 eth0 fdb2:2c26:f4e4:0:21c:42ff:fea4:2cd6 UDP 123
Jul 17 20:53:32 packer-parallels-iso ntpd[1235]: Listen normally on 7 eth0 fdb2:2c26:f4e4:0:6c4b:dced:d45c:3749 UDP 123
Jul 17 20:53:32 packer-parallels-iso ntpd[1235]: peers refreshed
Jul 17 20:53:32 packer-parallels-iso ntpd[1235]: Listening on routing socket on fd #24 for interface updates
Jul 17 20:53:50 packer-parallels-iso kernel: [   50.426794] SGI XFS with ACLs, security attributes, realtime, large block/inode numbers, no debug enabled
Jul 17 20:53:50 packer-parallels-iso kernel: [   50.434093] JFS: nTxBlock = 5908, nTxLock = 47265
Jul 17 20:53:50 packer-parallels-iso kernel: [   50.442597] NTFS driver 2.1.30 [Flags: R/O MODULE].
Jul 17 20:53:50 packer-parallels-iso kernel: [   50.455634] QNX4 filesystem 0.2.3 registered.
Jul 17 20:53:50 packer-parallels-iso kernel: [   50.461422] xor: automatically using best checksumming function:
Jul 17 20:53:50 packer-parallels-iso kernel: [   50.498183]    avx       : 19768.000 MB/sec
Jul 17 20:53:50 packer-parallels-iso kernel: [   50.566150] raid6: sse2x1    9352 MB/s
Jul 17 20:53:50 packer-parallels-iso kernel: [   50.634294] raid6: sse2x2   11714 MB/s
Jul 17 20:53:50 packer-parallels-iso kernel: [   50.702081] raid6: sse2x4   13426 MB/s
Jul 17 20:53:50 packer-parallels-iso kernel: [   50.702087] raid6: using algorithm sse2x4 (13426 MB/s)
Jul 17 20:53:50 packer-parallels-iso kernel: [   50.702089] raid6: using ssse3x2 recovery algorithm
Jul 17 20:53:50 packer-parallels-iso kernel: [   50.720762] bio: create slab <bio-2> at 2
Jul 17 20:53:50 packer-parallels-iso kernel: [   50.720973] Btrfs loaded
Jul 17 20:53:50 packer-parallels-iso os-prober: debug: running /usr/lib/os-probes/mounted/05efi on mounted /dev/sda1
Jul 17 20:53:50 packer-parallels-iso 05efi: debug: Not on UEFI platform
Jul 17 20:53:50 packer-parallels-iso os-prober: debug: running /usr/lib/os-probes/mounted/10freedos on mounted /dev/sda1
Jul 17 20:53:50 packer-parallels-iso 10freedos: debug: /dev/sda1 is not a FAT partition: exiting
Jul 17 20:53:50 packer-parallels-iso os-prober: debug: running /usr/lib/os-probes/mounted/10qnx on mounted /dev/sda1
Jul 17 20:53:50 packer-parallels-iso 10qnx: debug: /dev/sda1 is not a QNX4 partition: exiting
Jul 17 20:53:50 packer-parallels-iso os-prober: debug: running /usr/lib/os-probes/mounted/20macosx on mounted /dev/sda1
Jul 17 20:53:50 packer-parallels-iso macosx-prober: debug: /dev/sda1 is not an HFS+ partition: exiting
Jul 17 20:53:50 packer-parallels-iso os-prober: debug: running /usr/lib/os-probes/mounted/20microsoft on mounted /dev/sda1
Jul 17 20:53:50 packer-parallels-iso 20microsoft: debug: /dev/sda1 is not a MS partition: exiting
Jul 17 20:53:50 packer-parallels-iso os-prober: debug: running /usr/lib/os-probes/mounted/30utility on mounted /dev/sda1
Jul 17 20:53:50 packer-parallels-iso 30utility: debug: /dev/sda1 is not a FAT partition: exiting
Jul 17 20:53:50 packer-parallels-iso os-prober: debug: running /usr/lib/os-probes/mounted/40lsb on mounted /dev/sda1
Jul 17 20:53:50 packer-parallels-iso os-prober: debug: running /usr/lib/os-probes/mounted/70hurd on mounted /dev/sda1
Jul 17 20:53:50 packer-parallels-iso os-prober: debug: running /usr/lib/os-probes/mounted/80minix on mounted /dev/sda1
Jul 17 20:53:50 packer-parallels-iso os-prober: debug: running /usr/lib/os-probes/mounted/83haiku on mounted /dev/sda1
Jul 17 20:53:50 packer-parallels-iso 83haiku: debug: /dev/sda1 is not a BeFS partition: exiting
Jul 17 20:53:50 packer-parallels-iso os-prober: debug: running /usr/lib/os-probes/mounted/90linux-distro on mounted /dev/sda1
Jul 17 20:53:50 packer-parallels-iso os-prober: debug: running /usr/lib/os-probes/mounted/90solaris on mounted /dev/sda1
Jul 17 20:53:50 packer-parallels-iso os-prober: debug: running /usr/lib/os-probes/50mounted-tests on /dev/sda2
Jul 17 20:53:50 packer-parallels-iso 50mounted-tests: debug: /dev/sda2 type not recognised; skipping
Jul 17 20:53:50 packer-parallels-iso os-prober: debug: os detected by /usr/lib/os-probes/50mounted-tests
Jul 17 20:53:50 packer-parallels-iso os-prober: debug: running /usr/lib/os-probes/50mounted-tests on /dev/sda5
Jul 17 20:53:50 packer-parallels-iso os-prober: debug: /dev/mapper/packer--parallels--iso--vg-swap_1: is active swap
Jul 17 20:53:51 packer-parallels-iso kernel: [   51.031775] ISO 9660 Extensions: Microsoft Joliet Level 3
Jul 17 20:53:51 packer-parallels-iso kernel: [   51.035031] ISO 9660 Extensions: RRIP_1991A
Jul 17 21:03:36 packer-parallels-iso rsyslogd: [origin software="rsyslogd" swVersion="7.4.4" x-pid="487" x-info="http://www.rsyslog.com"] exiting on signal 15.
Oct 17 17:14:08 packer-parallels-iso rsyslogd: [origin software="rsyslogd" swVersion="7.4.4" x-pid="592" x-info="http://www.rsyslog.com"] start
Oct 17 17:14:08 packer-parallels-iso rsyslogd: rsyslogd's groupid changed to 104
Oct 17 17:14:08 packer-parallels-iso rsyslogd: rsyslogd's userid changed to 101
Oct 17 17:14:08 packer-parallels-iso kernel: [    0.000000] Initializing cgroup subsys cpuset
Oct 17 17:14:08 packer-parallels-iso kernel: [    0.000000] Initializing cgroup subsys cpu
Oct 17 17:14:08 packer-parallels-iso kernel: [    0.000000] Initializing cgroup subsys cpuacct
Oct 17 17:14:08 packer-parallels-iso kernel: [    0.000000] Linux version 3.13.0-24-generic (buildd@panlong) (gcc version 4.8.2 (Ubuntu 4.8.2-19ubuntu1) ) #46-Ubuntu SMP Thu Apr 10 19:11:08 UTC 2014 (Ubuntu 3.13.0-24.46-generic 3.13.9)
Oct 17 17:14:08 packer-parallels-iso kernel: [    0.000000] Command line: BOOT_IMAGE=/vmlinuz-3.13.0-24-generic root=/dev/mapper/packer--parallels--iso--vg-root ro debian-installer=en_US quiet
Oct 17 17:14:08 packer-parallels-iso kernel: [    0.000000] KERNEL supported cpus:
Oct 17 17:14:08 packer-parallels-iso kernel: [    0.000000]   Intel GenuineIntel
Oct 17 17:14:08 packer-parallels-iso kernel: [    0.000000]   AMD AuthenticAMD
Oct 17 17:14:08 packer-parallels-iso kernel: [    0.000000]   Centaur CentaurHauls
Oct 17 17:14:08 packer-parallels-iso kernel: [    0.000000] Disabled fast string operations
Oct 17 17:14:08 packer-parallels-iso kernel: [    0.000000] e820: BIOS-provided physical RAM map:
Oct 17 17:14:08 packer-parallels-iso kernel: [    0.000000] BIOS-e820: [mem 0x0000000000000000-0x000000000009ebff] usable
Oct 17 17:14:08 packer-parallels-iso kernel: [    0.000000] BIOS-e820: [mem 0x000000000009ec00-0x000000000009ffff] reserved
Oct 17 17:14:08 packer-parallels-iso kernel: [    0.000000] BIOS-e820: [mem 0x00000000000dc000-0x00000000000fffff] reserved
Oct 17 17:14:08 packer-parallels-iso kernel: [    0.000000] BIOS-e820: [mem 0x0000000000100000-0x000000002ffeefff] usable
Oct 17 17:14:08 packer-parallels-iso kernel: [    0.000000] BIOS-e820: [mem 0x000000002ffef000-0x000000002ffeffff] reserved
Oct 17 17:14:08 packer-parallels-iso kernel: [    0.000000] BIOS-e820: [mem 0x000000002fff0000-0x000000002fffdfff] ACPI data
Oct 17 17:14:08 packer-parallels-iso kernel: [    0.000000] BIOS-e820: [mem 0x000000002fffe000-0x000000002fffffff] ACPI NVS
Oct 17 17:14:08 packer-parallels-iso kernel: [    0.000000] BIOS-e820: [mem 0x00000000fd000000-0x00000000fd7fffff] reserved
Oct 17 17:14:08 packer-parallels-iso kernel: [    0.000000] BIOS-e820: [mem 0x00000000fec00000-0x00000000fec00fff] reserved
Oct 17 17:14:08 packer-parallels-iso kernel: [    0.000000] BIOS-e820: [mem 0x00000000fed00000-0x00000000fed00fff] reserved
Oct 17 17:14:08 packer-parallels-iso kernel: [    0.000000] BIOS-e820: [mem 0x00000000fee00000-0x00000000fee00fff] reserved
Oct 17 17:14:08 packer-parallels-iso kernel: [    0.000000] BIOS-e820: [mem 0x00000000ffc00000-0x00000000ffffffff] reserved
Oct 17 17:14:08 packer-parallels-iso kernel: [    0.000000] NX (Execute Disable) protection: active
Oct 17 17:14:08 packer-parallels-iso kernel: [    0.000000] SMBIOS 2.7 present.
Oct 17 17:14:08 packer-parallels-iso kernel: [    0.000000] DMI: Parallels Software International Inc. Parallels Virtual Platform/Parallels Virtual Platform, BIOS 10.0.2 (27712) rev 1054810 09
Oct 17 17:14:08 packer-parallels-iso kernel: [    0.000000] Hypervisor detected: KVM
Oct 17 17:14:08 packer-parallels-iso kernel: [    0.000000] e820: update [mem 0x00000000-0x00000fff] usable ==> reserved
Oct 17 17:14:08 packer-parallels-iso kernel: [    0.000000] e820: remove [mem 0x000a0000-0x000fffff] usable
Oct 17 17:14:08 packer-parallels-iso kernel: [    0.000000] No AGP bridge found
Oct 17 17:14:08 packer-parallels-iso kernel: [    0.000000] e820: last_pfn = 0x2ffef max_arch_pfn = 0x400000000
Oct 17 17:14:08 packer-parallels-iso kernel: [    0.000000] MTRR default type: uncachable
Oct 17 17:14:08 packer-parallels-iso kernel: [    0.000000] MTRR fixed ranges enabled:
Oct 17 17:14:08 packer-parallels-iso kernel: [    0.000000]   00000-9FFFF write-back
Oct 17 17:14:08 packer-parallels-iso kernel: [    0.000000]   A0000-BFFFF uncachable
Oct 17 17:14:08 packer-parallels-iso kernel: [    0.000000]   C0000-C7FFF write-protect
Oct 17 17:14:08 packer-parallels-iso kernel: [    0.000000]   C8000-EFFFF uncachable
Oct 17 17:14:08 packer-parallels-iso kernel: [    0.000000]   F0000-FFFFF write-protect
Oct 17 17:14:08 packer-parallels-iso kernel: [    0.000000] MTRR variable ranges enabled:
Oct 17 17:14:08 packer-parallels-iso kernel: [    0.000000]   0 base 000000000 mask FE0000000 write-back
Oct 17 17:14:08 packer-parallels-iso kernel: [    0.000000]   1 base 020000000 mask FF0000000 write-back
Oct 17 17:14:08 packer-parallels-iso kernel: [    0.000000]   2 disabled
Oct 17 17:14:08 packer-parallels-iso kernel: [    0.000000]   3 disabled
Oct 17 17:14:08 packer-parallels-iso kernel: [    0.000000]   4 disabled
Oct 17 17:14:08 packer-parallels-iso kernel: [    0.000000]   5 disabled
Oct 17 17:14:08 packer-parallels-iso kernel: [    0.000000]   6 disabled
Oct 17 17:14:08 packer-parallels-iso kernel: [    0.000000]   7 disabled
Oct 17 17:14:08 packer-parallels-iso kernel: [    0.000000] x86 PAT enabled: cpu 0, old 0x7040600070406, new 0x7010600070106
Oct 17 17:14:08 packer-parallels-iso kernel: [    0.000000] found SMP MP-table at [mem 0x0009fc60-0x0009fc6f] mapped at [ffff88000009fc60]
Oct 17 17:14:08 packer-parallels-iso kernel: [    0.000000] Scanning 1 areas for low memory corruption
Oct 17 17:14:08 packer-parallels-iso kernel: [    0.000000] Base memory trampoline at [ffff880000098000] 98000 size 24576
Oct 17 17:14:08 packer-parallels-iso kernel: [    0.000000] init_memory_mapping: [mem 0x00000000-0x000fffff]
Oct 17 17:14:08 packer-parallels-iso kernel: [    0.000000]  [mem 0x00000000-0x000fffff] page 4k
Oct 17 17:14:08 packer-parallels-iso kernel: [    0.000000] BRK [0x01fdd000, 0x01fddfff] PGTABLE
Oct 17 17:14:08 packer-parallels-iso kernel: [    0.000000] BRK [0x01fde000, 0x01fdefff] PGTABLE
Oct 17 17:14:08 packer-parallels-iso kernel: [    0.000000] BRK [0x01fdf000, 0x01fdffff] PGTABLE
Oct 17 17:14:08 packer-parallels-iso kernel: [    0.000000] init_memory_mapping: [mem 0x2fc00000-0x2fdfffff]
Oct 17 17:14:08 packer-parallels-iso kernel: [    0.000000]  [mem 0x2fc00000-0x2fdfffff] page 2M
Oct 17 17:14:08 packer-parallels-iso kernel: [    0.000000] init_memory_mapping: [mem 0x2c000000-0x2fbfffff]
Oct 17 17:14:08 packer-parallels-iso kernel: [    0.000000]  [mem 0x2c000000-0x2fbfffff] page 2M
Oct 17 17:14:08 packer-parallels-iso kernel: [    0.000000] init_memory_mapping: [mem 0x00100000-0x2bffffff]
Oct 17 17:14:08 packer-parallels-iso kernel: [    0.000000]  [mem 0x00100000-0x001fffff] page 4k
Oct 17 17:14:08 packer-parallels-iso kernel: [    0.000000]  [mem 0x00200000-0x2bffffff] page 2M
Oct 17 17:14:08 packer-parallels-iso kernel: [    0.000000] init_memory_mapping: [mem 0x2fe00000-0x2ffeefff]
Oct 17 17:14:08 packer-parallels-iso kernel: [    0.000000]  [mem 0x2fe00000-0x2ffeefff] page 4k
Oct 17 17:14:08 packer-parallels-iso kernel: [    0.000000] BRK [0x01fe0000, 0x01fe0fff] PGTABLE
Oct 17 17:14:08 packer-parallels-iso kernel: [    0.000000] RAMDISK: [mem 0x2e161000-0x2f46dfff]
Oct 17 17:14:08 packer-parallels-iso kernel: [    0.000000] ACPI: RSDP 00000000000e0000 000024 (v02 PRLS  )
Oct 17 17:14:08 packer-parallels-iso kernel: [    0.000000] ACPI: XSDT 000000002fff4900 00004C (v01 PRLS   PRLS_OEM 00000001 INTL 20051216)
Oct 17 17:14:08 packer-parallels-iso kernel: [    0.000000] ACPI: FACP 000000002fff00c0 0000F4 (v03 PRLS   PRLS_OEM 00000001 INTL 20051216)
Oct 17 17:14:08 packer-parallels-iso kernel: [    0.000000] ACPI: DSDT 000000002fff0440 004410 (v02 PRLS   PRLSACPI 00001001 INTL 20051216)
Oct 17 17:14:08 packer-parallels-iso kernel: [    0.000000] ACPI: FACS 000000002fff01c0 000040
Oct 17 17:14:08 packer-parallels-iso kernel: [    0.000000] ACPI: APIC 000000002fff0200 000216 (v01 PRLS   PRLS_OEM 00000001 INTL 20051216)
Oct 17 17:14:08 packer-parallels-iso kernel: [    0.000000] ACPI: HPET 000000002fff4880 000038 (v00 PRLS   PRLS_OEM 00000001 INTL 20051216)
Oct 17 17:14:08 packer-parallels-iso kernel: [    0.000000] ACPI: MCFG 000000002fff48c0 00003C (v01 PRLS   PRLS_OEM 00000001 INTL 20051216)
Oct 17 17:14:08 packer-parallels-iso kernel: [    0.000000] ACPI: OEM1 000000002fff4980 000394 (v01 PRLS   PRLS_OEM 00000001 INTL 20051216)
Oct 17 17:14:08 packer-parallels-iso kernel: [    0.000000] ACPI: Local APIC address 0xfee00000
Oct 17 17:14:08 packer-parallels-iso kernel: [    0.000000] No NUMA configuration found
Oct 17 17:14:08 packer-parallels-iso kernel: [    0.000000] Faking a node at [mem 0x0000000000000000-0x000000002ffeefff]
Oct 17 17:14:08 packer-parallels-iso kernel: [    0.000000] Initmem setup node 0 [mem 0x00000000-0x2ffeefff]
Oct 17 17:14:08 packer-parallels-iso kernel: [    0.000000]   NODE_DATA [mem 0x2ffea000-0x2ffeefff]
Oct 17 17:14:08 packer-parallels-iso kernel: [    0.000000] kvm-clock: Using msrs 4b564d01 and 4b564d00
Oct 17 17:14:08 packer-parallels-iso kernel: [    0.000000] kvm-clock: cpu 0, msr 0:2ffe6001, boot clock
Oct 17 17:14:08 packer-parallels-iso kernel: [    0.633218]  [ffffea0000000000-ffffea0000bfffff] PMD -> [ffff88002d400000-ffff88002dffffff] on node 0
Oct 17 17:14:08 packer-parallels-iso kernel: [    0.633222] Zone ranges:
Oct 17 17:14:08 packer-parallels-iso kernel: [    0.633226]   DMA      [mem 0x00001000-0x00ffffff]
Oct 17 17:14:08 packer-parallels-iso kernel: [    0.633230]   DMA32    [mem 0x01000000-0xffffffff]
Oct 17 17:14:08 packer-parallels-iso kernel: [    0.633234]   Normal   empty
Oct 17 17:14:08 packer-parallels-iso kernel: [    0.633238] Movable zone start for each node
Oct 17 17:14:08 packer-parallels-iso kernel: [    0.633241] Early memory node ranges
Oct 17 17:14:08 packer-parallels-iso kernel: [    0.633245]   node   0: [mem 0x00001000-0x0009dfff]
Oct 17 17:14:08 packer-parallels-iso kernel: [    0.633249]   node   0: [mem 0x00100000-0x2ffeefff]
Oct 17 17:14:08 packer-parallels-iso kernel: [    0.633253] On node 0 totalpages: 196492
Oct 17 17:14:08 packer-parallels-iso kernel: [    0.633257]   DMA zone: 64 pages used for memmap
Oct 17 17:14:08 packer-parallels-iso kernel: [    0.633261]   DMA zone: 21 pages reserved
Oct 17 17:14:08 packer-parallels-iso kernel: [    0.633265]   DMA zone: 3997 pages, LIFO batch:0
Oct 17 17:14:08 packer-parallels-iso kernel: [    0.633269]   DMA32 zone: 3008 pages used for memmap
Oct 17 17:14:08 packer-parallels-iso kernel: [    0.633273]   DMA32 zone: 192495 pages, LIFO batch:31
Oct 17 17:14:08 packer-parallels-iso kernel: [    0.633277] ACPI: PM-Timer IO Port: 0x4008
Oct 17 17:14:08 packer-parallels-iso kernel: [    0.633281] ACPI: Local APIC address 0xfee00000
Oct 17 17:14:08 packer-parallels-iso kernel: [    0.633285] ACPI: LAPIC (acpi_id[0x00] lapic_id[0x00] enabled)
Oct 17 17:14:08 packer-parallels-iso kernel: [    0.633289] ACPI: LAPIC (acpi_id[0x01] lapic_id[0x01] enabled)
Oct 17 17:14:08 packer-parallels-iso kernel: [    0.633293] ACPI: LAPIC (acpi_id[0x02] lapic_id[0x02] disabled)
Oct 17 17:14:08 packer-parallels-iso kernel: [    0.633296] ACPI: LAPIC (acpi_id[0x03] lapic_id[0x03] disabled)
Oct 17 17:14:08 packer-parallels-iso kernel: [    0.633300] ACPI: LAPIC (acpi_id[0x04] lapic_id[0x04] disabled)
Oct 17 17:14:08 packer-parallels-iso kernel: [    0.633303] ACPI: LAPIC (acpi_id[0x05] lapic_id[0x05] disabled)
Oct 17 17:14:08 packer-parallels-iso kernel: [    0.633306] ACPI: LAPIC (acpi_id[0x06] lapic_id[0x06] disabled)
Oct 17 17:14:08 packer-parallels-iso kernel: [    0.633310] ACPI: LAPIC (acpi_id[0x07] lapic_id[0x07] disabled)
Oct 17 17:14:08 packer-parallels-iso kernel: [    0.633314] ACPI: LAPIC (acpi_id[0x08] lapic_id[0x08] disabled)
Oct 17 17:14:08 packer-parallels-iso kernel: [    0.633318] ACPI: LAPIC (acpi_id[0x09] lapic_id[0x09] disabled)
Oct 17 17:14:08 packer-parallels-iso kernel: [    0.633321] ACPI: LAPIC (acpi_id[0x0a] lapic_id[0x0a] disabled)
Oct 17 17:14:08 packer-parallels-iso kernel: [    0.633324] ACPI: LAPIC (acpi_id[0x0b] lapic_id[0x0b] disabled)
Oct 17 17:14:08 packer-parallels-iso kernel: [    0.633328] ACPI: LAPIC (acpi_id[0x0c] lapic_id[0x0c] disabled)
Oct 17 17:14:08 packer-parallels-iso kernel: [    0.633332] ACPI: LAPIC (acpi_id[0x0d] lapic_id[0x0d] disabled)
Oct 17 17:14:08 packer-parallels-iso kernel: [    0.633336] ACPI: LAPIC (acpi_id[0x0e] lapic_id[0x0e] disabled)
Oct 17 17:14:08 packer-parallels-iso kernel: [    0.633340] ACPI: LAPIC (acpi_id[0x0f] lapic_id[0x0f] disabled)
Oct 17 17:14:08 packer-parallels-iso kernel: [    0.633344] ACPI: LAPIC (acpi_id[0x10] lapic_id[0x10] disabled)
Oct 17 17:14:08 packer-parallels-iso kernel: [    0.633347] ACPI: LAPIC (acpi_id[0x11] lapic_id[0x11] disabled)
Oct 17 17:14:08 packer-parallels-iso kernel: [    0.633350] ACPI: LAPIC (acpi_id[0x12] lapic_id[0x12] disabled)
Oct 17 17:14:08 packer-parallels-iso kernel: [    0.633352] ACPI: LAPIC (acpi_id[0x13] lapic_id[0x13] disabled)
Oct 17 17:14:08 packer-parallels-iso kernel: [    0.633356] ACPI: LAPIC (acpi_id[0x14] lapic_id[0x14] disabled)
Oct 17 17:14:08 packer-parallels-iso kernel: [    0.633359] ACPI: LAPIC (acpi_id[0x15] lapic_id[0x15] disabled)
Oct 17 17:14:08 packer-parallels-iso kernel: [    0.633363] ACPI: LAPIC (acpi_id[0x16] lapic_id[0x16] disabled)
Oct 17 17:14:08 packer-parallels-iso kernel: [    0.633366] ACPI: LAPIC (acpi_id[0x17] lapic_id[0x17] disabled)
Oct 17 17:14:08 packer-parallels-iso kernel: [    0.633370] ACPI: LAPIC (acpi_id[0x18] lapic_id[0x18] disabled)
Oct 17 17:14:08 packer-parallels-iso kernel: [    0.633373] ACPI: LAPIC (acpi_id[0x19] lapic_id[0x19] disabled)
Oct 17 17:14:08 packer-parallels-iso kernel: [    0.633377] ACPI: LAPIC (acpi_id[0x1a] lapic_id[0x1a] disabled)
Oct 17 17:14:08 packer-parallels-iso kernel: [    0.633380] ACPI: LAPIC (acpi_id[0x1b] lapic_id[0x1b] disabled)
Oct 17 17:14:08 packer-parallels-iso kernel: [    0.633383] ACPI: LAPIC (acpi_id[0x1c] lapic_id[0x1c] disabled)
Oct 17 17:14:08 packer-parallels-iso kernel: [    0.633387] ACPI: LAPIC (acpi_id[0x1d] lapic_id[0x1d] disabled)
Oct 17 17:14:08 packer-parallels-iso kernel: [    0.633390] ACPI: LAPIC (acpi_id[0x1e] lapic_id[0x1e] disabled)
Oct 17 17:14:08 packer-parallels-iso kernel: [    0.633393] ACPI: LAPIC (acpi_id[0x1f] lapic_id[0x1f] disabled)
Oct 17 17:14:08 packer-parallels-iso kernel: [    0.633397] ACPI: LAPIC_NMI (acpi_id[0x00] high edge lint[0x1])
Oct 17 17:14:08 packer-parallels-iso kernel: [    0.633401] ACPI: LAPIC_NMI (acpi_id[0x01] high edge lint[0x1])
Oct 17 17:14:08 packer-parallels-iso kernel: [    0.633405] ACPI: LAPIC_NMI (acpi_id[0x02] high edge lint[0x1])
Oct 17 17:14:08 packer-parallels-iso kernel: [    0.633408] ACPI: LAPIC_NMI (acpi_id[0x03] high edge lint[0x1])
Oct 17 17:14:08 packer-parallels-iso kernel: [    0.633412] ACPI: LAPIC_NMI (acpi_id[0x04] high edge lint[0x1])
Oct 17 17:14:08 packer-parallels-iso kernel: [    0.633415] ACPI: LAPIC_NMI (acpi_id[0x05] high edge lint[0x1])
Oct 17 17:14:08 packer-parallels-iso kernel: [    0.633418] ACPI: LAPIC_NMI (acpi_id[0x06] high edge lint[0x1])
Oct 17 17:14:08 packer-parallels-iso kernel: [    0.633422] ACPI: LAPIC_NMI (acpi_id[0x07] high edge lint[0x1])
Oct 17 17:14:08 packer-parallels-iso kernel: [    0.633425] ACPI: LAPIC_NMI (acpi_id[0x08] high edge lint[0x1])
Oct 17 17:14:08 packer-parallels-iso kernel: [    0.633429] ACPI: LAPIC_NMI (acpi_id[0x09] high edge lint[0x1])
Oct 17 17:14:08 packer-parallels-iso kernel: [    0.633432] ACPI: LAPIC_NMI (acpi_id[0x0a] high edge lint[0x1])
Oct 17 17:14:08 packer-parallels-iso kernel: [    0.633436] ACPI: LAPIC_NMI (acpi_id[0x0b] high edge lint[0x1])
Oct 17 17:14:08 packer-parallels-iso kernel: [    0.633439] ACPI: LAPIC_NMI (acpi_id[0x0c] high edge lint[0x1])
Oct 17 17:14:08 packer-parallels-iso kernel: [    0.633442] ACPI: LAPIC_NMI (acpi_id[0x0d] high edge lint[0x1])
Oct 17 17:14:08 packer-parallels-iso kernel: [    0.633446] ACPI: LAPIC_NMI (acpi_id[0x0e] high edge lint[0x1])
Oct 17 17:14:08 packer-parallels-iso kernel: [    0.633449] ACPI: LAPIC_NMI (acpi_id[0x0f] high edge lint[0x1])
Oct 17 17:14:08 packer-parallels-iso kernel: [    0.633452] ACPI: LAPIC_NMI (acpi_id[0x10] high edge lint[0x1])
Oct 17 17:14:08 packer-parallels-iso kernel: [    0.633456] ACPI: LAPIC_NMI (acpi_id[0x11] high edge lint[0x1])
Oct 17 17:14:08 packer-parallels-iso kernel: [    0.633459] ACPI: LAPIC_NMI (acpi_id[0x12] high edge lint[0x1])
Oct 17 17:14:08 packer-parallels-iso kernel: [    0.633462] ACPI: LAPIC_NMI (acpi_id[0x13] high edge lint[0x1])
Oct 17 17:14:08 packer-parallels-iso kernel: [    0.633466] ACPI: LAPIC_NMI (acpi_id[0x14] high edge lint[0x1])
Oct 17 17:14:08 packer-parallels-iso kernel: [    0.633469] ACPI: LAPIC_NMI (acpi_id[0x15] high edge lint[0x1])
